Archive member included to satisfy reference by file (symbol)

.\CortexM3\ARM_GCC_541\Debug\Lab7.a(CyLib.o)
                              .\CortexM3\ARM_GCC_541\Debug\Cm3Start.o (CyHalt)
.\CortexM3\ARM_GCC_541\Debug\Lab7.a(cyPm.o)
                              .\CortexM3\ARM_GCC_541\Debug\Lab7.a(CyLib.o) (CyPmReadStatus)
.\CortexM3\ARM_GCC_541\Debug\Lab7.a(I2C_DISPLAY.o)
                              .\CortexM3\ARM_GCC_541\Debug\main.o (I2C_DISPLAY_Start)
.\CortexM3\ARM_GCC_541\Debug\Lab7.a(I2C_DISPLAY_INT.o)
                              .\CortexM3\ARM_GCC_541\Debug\Lab7.a(I2C_DISPLAY.o) (I2C_DISPLAY_ISR)
.\CortexM3\ARM_GCC_541\Debug\Lab7.a(I2C_DISPLAY_PM.o)
                              .\CortexM3\ARM_GCC_541\Debug\Lab7.a(I2C_DISPLAY.o) (I2C_DISPLAY_backup)
.\CortexM3\ARM_GCC_541\Debug\Lab7.a(I2C_DISPLAY_MASTER.o)
                              .\CortexM3\ARM_GCC_541\Debug\Lab7.a(I2C_DISPLAY.o) (I2C_DISPLAY_mstrStatus)
.\CortexM3\ARM_GCC_541\Debug\Lab7.a(ADC_POT.o)
                              .\CortexM3\ARM_GCC_541\Debug\main.o (ADC_POT_Stop)
.\CortexM3\ARM_GCC_541\Debug\Lab7.a(ADC_POT_INT.o)
                              .\CortexM3\ARM_GCC_541\Debug\Lab7.a(ADC_POT.o) (ADC_POT_ISR)
.\CortexM3\ARM_GCC_541\Debug\Lab7.a(ADC_POT_theACLK.o)
                              .\CortexM3\ARM_GCC_541\Debug\Lab7.a(ADC_POT.o) (ADC_POT_theACLK_SetModeRegister)
.\CortexM3\ARM_GCC_541\Debug\Lab7.a(PIN_IR.o)
                              .\CortexM3\ARM_GCC_541\Debug\main.o (PIN_IR_ClearInterrupt)
.\CortexM3\ARM_GCC_541\Debug\Lab7.a(PWM_O_LED.o)
                              .\CortexM3\ARM_GCC_541\Debug\main.o (PWM_O_LED_Stop)
.\CortexM3\ARM_GCC_541\Debug\Lab7.a(ISR_IR.o)
                              .\CortexM3\ARM_GCC_541\Debug\main.o (ISR_IR_StartEx)
.\CortexM3\ARM_GCC_541\Debug\Lab7.a(PWM_BUZZER.o)
                              .\CortexM3\ARM_GCC_541\Debug\main.o (PWM_BUZZER_Stop)
.\CortexM3\ARM_GCC_541\Debug\Lab7.a(PWM_ALARM.o)
                              .\CortexM3\ARM_GCC_541\Debug\main.o (PWM_ALARM_Stop)
.\CortexM3\ARM_GCC_541\Debug\Lab7.a(CyBootAsmGnu.o)
                              .\CortexM3\ARM_GCC_541\Debug\main.o (CyDelayCycles)
.\CortexM3\ARM_GCC_541\Debug\Lab7.a(CyFlash.o)
                              .\CortexM3\ARM_GCC_541\Debug\Lab7.a(cyPm.o) (CyFlash_SetWaitCycles)
.\CortexM3\ARM_GCC_541\Debug\Lab7.a(CySpc.o)
                              .\CortexM3\ARM_GCC_541\Debug\Lab7.a(CyFlash.o) (CySpcStart)
c:/program files (x86)/cypress/psoc creator/4.4/psoc creator/import/gnu/arm/5.4.1/bin/../lib/gcc/arm-none-eabi/5.4.1/armv7-m\libgcc.a(_arm_addsubdf3.o)
                              .\CortexM3\ARM_GCC_541\Debug\main.o (__aeabi_dsub)
c:/program files (x86)/cypress/psoc creator/4.4/psoc creator/import/gnu/arm/5.4.1/bin/../lib/gcc/arm-none-eabi/5.4.1/armv7-m\libgcc.a(_arm_muldivdf3.o)
                              .\CortexM3\ARM_GCC_541\Debug\main.o (__aeabi_dmul)
c:/program files (x86)/cypress/psoc creator/4.4/psoc creator/import/gnu/arm/5.4.1/bin/../lib/gcc/arm-none-eabi/5.4.1/armv7-m\libgcc.a(_arm_fixunsdfsi.o)
                              .\CortexM3\ARM_GCC_541\Debug\main.o (__aeabi_d2uiz)
c:/program files (x86)/cypress/psoc creator/4.4/psoc creator/import/gnu/arm/5.4.1/bin/../lib/gcc/arm-none-eabi/5.4.1/armv7-m\libgcc.a(_arm_addsubsf3.o)
                              .\CortexM3\ARM_GCC_541\Debug\main.o (__aeabi_fadd)
c:/program files (x86)/cypress/psoc creator/4.4/psoc creator/import/gnu/arm/5.4.1/bin/../lib/gcc/arm-none-eabi/5.4.1/armv7-m\libgcc.a(_arm_muldivsf3.o)
                              .\CortexM3\ARM_GCC_541\Debug\main.o (__aeabi_fmul)
c:/program files (x86)/cypress/psoc creator/4.4/psoc creator/import/gnu/arm/5.4.1/bin/../lib/gcc/arm-none-eabi/5.4.1/armv7-m\libgcc.a(_arm_fixunssfsi.o)
                              .\CortexM3\ARM_GCC_541\Debug\main.o (__aeabi_f2uiz)
c:/program files (x86)/cypress/psoc creator/4.4/psoc creator/import/gnu/arm/5.4.1/bin/../lib/gcc/arm-none-eabi/5.4.1/armv7-m\libgcc.a(_aeabi_ldivmod.o)
                              .\CortexM3\ARM_GCC_541\Debug\Lab7.a(ADC_POT.o) (__aeabi_ldivmod)
c:/program files (x86)/cypress/psoc creator/4.4/psoc creator/import/gnu/arm/5.4.1/bin/../lib/gcc/arm-none-eabi/5.4.1/armv7-m\libgcc.a(_udivmoddi4.o)
                              c:/program files (x86)/cypress/psoc creator/4.4/psoc creator/import/gnu/arm/5.4.1/bin/../lib/gcc/arm-none-eabi/5.4.1/armv7-m\libgcc.a(_aeabi_ldivmod.o) (__udivmoddi4)
c:/program files (x86)/cypress/psoc creator/4.4/psoc creator/import/gnu/arm/5.4.1/bin/../lib/gcc/arm-none-eabi/5.4.1/armv7-m\libgcc.a(_dvmd_tls.o)
                              c:/program files (x86)/cypress/psoc creator/4.4/psoc creator/import/gnu/arm/5.4.1/bin/../lib/gcc/arm-none-eabi/5.4.1/armv7-m\libgcc.a(_aeabi_ldivmod.o) (__aeabi_ldiv0)
[...]
Memory Configuration

Name             Origin             Length             Attributes
rom              0x00000000         0x00040000         xr
ram              0x1fff8000         0x00010000         xrw
*default*        0x00000000         0xffffffff

Linker script and memory map

LOAD c:/program files (x86)/cypress/psoc creator/4.4/psoc creator/import/gnu/arm/5.4.1/bin/../lib/gcc/arm-none-eabi/5.4.1/armv7-m/crti.o
LOAD c:/program files (x86)/cypress/psoc creator/4.4/psoc creator/import/gnu/arm/5.4.1/bin/../lib/gcc/arm-none-eabi/5.4.1/armv7-m/crtbegin.o
LOAD c:/program files (x86)/cypress/psoc creator/4.4/psoc creator/import/gnu/arm/5.4.1/bin/../lib/gcc/arm-none-eabi/5.4.1/../../../../arm-none-eabi/lib/armv7-m/crt0.o
START GROUP
LOAD .\CortexM3\ARM_GCC_541\Debug\mui.o
LOAD .\CortexM3\ARM_GCC_541\Debug\mui_u8g2.o
LOAD .\CortexM3\ARM_GCC_541\Debug\u8g2_bitmap.o
LOAD .\CortexM3\ARM_GCC_541\Debug\u8g2_box.o
LOAD .\CortexM3\ARM_GCC_541\Debug\u8g2_buffer.o
LOAD .\CortexM3\ARM_GCC_541\Debug\u8g2_button.o
LOAD .\CortexM3\ARM_GCC_541\Debug\u8g2_circle.o
LOAD .\CortexM3\ARM_GCC_541\Debug\u8g2_cleardisplay.o
LOAD .\CortexM3\ARM_GCC_541\Debug\u8g2_d_memory.o
LOAD .\CortexM3\ARM_GCC_541\Debug\u8g2_d_setup.o
LOAD .\CortexM3\ARM_GCC_541\Debug\u8g2_font.o
LOAD .\CortexM3\ARM_GCC_541\Debug\u8g2_fonts.o
LOAD .\CortexM3\ARM_GCC_541\Debug\u8g2_hvline.o
LOAD .\CortexM3\ARM_GCC_541\Debug\u8g2_input_value.o
LOAD .\CortexM3\ARM_GCC_541\Debug\u8g2_intersection.o
LOAD .\CortexM3\ARM_GCC_541\Debug\u8g2_kerning.o
LOAD .\CortexM3\ARM_GCC_541\Debug\u8g2_line.o
LOAD .\CortexM3\ARM_GCC_541\Debug\u8g2_ll_hvline.o
LOAD .\CortexM3\ARM_GCC_541\Debug\u8g2_message.o
LOAD .\CortexM3\ARM_GCC_541\Debug\u8g2_polygon.o
LOAD .\CortexM3\ARM_GCC_541\Debug\u8g2_selection_list.o
LOAD .\CortexM3\ARM_GCC_541\Debug\u8g2_setup.o
LOAD .\CortexM3\ARM_GCC_541\Debug\u8log.o
LOAD .\CortexM3\ARM_GCC_541\Debug\u8log_u8g2.o
LOAD .\CortexM3\ARM_GCC_541\Debug\u8log_u8x8.o
LOAD .\CortexM3\ARM_GCC_541\Debug\u8x8_8x8.o
LOAD .\CortexM3\ARM_GCC_541\Debug\u8x8_byte.o
LOAD .\CortexM3\ARM_GCC_541\Debug\u8x8_cad.o
LOAD .\CortexM3\ARM_GCC_541\Debug\u8x8_capture.o
LOAD .\CortexM3\ARM_GCC_541\Debug\u8x8_d_a2printer.o
LOAD .\CortexM3\ARM_GCC_541\Debug\u8x8_d_gu800.o
LOAD .\CortexM3\ARM_GCC_541\Debug\u8x8_d_hd44102.o
LOAD .\CortexM3\ARM_GCC_541\Debug\u8x8_d_il3820_296x128.o
LOAD .\CortexM3\ARM_GCC_541\Debug\u8x8_d_ist3020.o
LOAD .\CortexM3\ARM_GCC_541\Debug\u8x8_d_ist7920.o
LOAD .\CortexM3\ARM_GCC_541\Debug\u8x8_d_ks0108.o
LOAD .\CortexM3\ARM_GCC_541\Debug\u8x8_d_lc7981.o
LOAD .\CortexM3\ARM_GCC_541\Debug\u8x8_d_ld7032_60x32.o
LOAD .\CortexM3\ARM_GCC_541\Debug\u8x8_d_ls013b7dh03.o
LOAD .\CortexM3\ARM_GCC_541\Debug\u8x8_d_max7219.o
LOAD .\CortexM3\ARM_GCC_541\Debug\u8x8_d_pcd8544_84x48.o
LOAD .\CortexM3\ARM_GCC_541\Debug\u8x8_d_pcf8812.o
LOAD .\CortexM3\ARM_GCC_541\Debug\u8x8_d_pcf8814_hx1230.o
LOAD .\CortexM3\ARM_GCC_541\Debug\u8x8_d_s1d15e06.o
LOAD .\CortexM3\ARM_GCC_541\Debug\u8x8_d_s1d15721.o
LOAD .\CortexM3\ARM_GCC_541\Debug\u8x8_d_sbn1661.o
LOAD .\CortexM3\ARM_GCC_541\Debug\u8x8_d_sed1330.o
LOAD .\CortexM3\ARM_GCC_541\Debug\u8x8_d_sh1106_64x32.o
LOAD .\CortexM3\ARM_GCC_541\Debug\u8x8_d_sh1106_72x40.o
LOAD .\CortexM3\ARM_GCC_541\Debug\u8x8_d_sh1107.o
LOAD .\CortexM3\ARM_GCC_541\Debug\u8x8_d_sh1108.o
LOAD .\CortexM3\ARM_GCC_541\Debug\u8x8_d_sh1122.o
LOAD .\CortexM3\ARM_GCC_541\Debug\u8x8_d_ssd1305.o
LOAD .\CortexM3\ARM_GCC_541\Debug\u8x8_d_ssd1306_48x64.o
LOAD .\CortexM3\ARM_GCC_541\Debug\u8x8_d_ssd1306_64x32.o
LOAD .\CortexM3\ARM_GCC_541\Debug\u8x8_d_ssd1306_64x48.o
LOAD .\CortexM3\ARM_GCC_541\Debug\u8x8_d_ssd1306_72x40.o
LOAD .\CortexM3\ARM_GCC_541\Debug\u8x8_d_ssd1306_96x16.o
LOAD .\CortexM3\ARM_GCC_541\Debug\u8x8_d_ssd1306_128x32.o
LOAD .\CortexM3\ARM_GCC_541\Debug\u8x8_d_ssd1306_128x64_noname.o
LOAD .\CortexM3\ARM_GCC_541\Debug\u8x8_d_ssd1306_2040x16.o
LOAD .\CortexM3\ARM_GCC_541\Debug\u8x8_d_ssd1309.o
LOAD .\CortexM3\ARM_GCC_541\Debug\u8x8_d_ssd1316.o
LOAD .\CortexM3\ARM_GCC_541\Debug\u8x8_d_ssd1317.o
LOAD .\CortexM3\ARM_GCC_541\Debug\u8x8_d_ssd1318.o
LOAD .\CortexM3\ARM_GCC_541\Debug\u8x8_d_ssd1320.o
LOAD .\CortexM3\ARM_GCC_541\Debug\u8x8_d_ssd1322.o
LOAD .\CortexM3\ARM_GCC_541\Debug\u8x8_d_ssd1325.o
LOAD .\CortexM3\ARM_GCC_541\Debug\u8x8_d_ssd1326.o
LOAD .\CortexM3\ARM_GCC_541\Debug\u8x8_d_ssd1327.o
LOAD .\CortexM3\ARM_GCC_541\Debug\u8x8_d_ssd1329.o
LOAD .\CortexM3\ARM_GCC_541\Debug\u8x8_d_ssd1606_172x72.o
LOAD .\CortexM3\ARM_GCC_541\Debug\u8x8_d_ssd1607_200x200.o
LOAD .\CortexM3\ARM_GCC_541\Debug\u8x8_d_st7511.o
LOAD .\CortexM3\ARM_GCC_541\Debug\u8x8_d_st7528.o
LOAD .\CortexM3\ARM_GCC_541\Debug\u8x8_d_st7565.o
LOAD .\CortexM3\ARM_GCC_541\Debug\u8x8_d_st7567.o
LOAD .\CortexM3\ARM_GCC_541\Debug\u8x8_d_st7571.o
LOAD .\CortexM3\ARM_GCC_541\Debug\u8x8_d_st7586s_erc240160.o
LOAD .\CortexM3\ARM_GCC_541\Debug\u8x8_d_st7586s_s028hn118a.o
LOAD .\CortexM3\ARM_GCC_541\Debug\u8x8_d_st7586s_ymc240160.o
LOAD .\CortexM3\ARM_GCC_541\Debug\u8x8_d_st7588.o
LOAD .\CortexM3\ARM_GCC_541\Debug\u8x8_d_st7920.o
LOAD .\CortexM3\ARM_GCC_541\Debug\u8x8_d_st75256.o
LOAD .\CortexM3\ARM_GCC_541\Debug\u8x8_d_st75320.o
LOAD .\CortexM3\ARM_GCC_541\Debug\u8x8_d_stdio.o
LOAD .\CortexM3\ARM_GCC_541\Debug\u8x8_d_t6963.o
LOAD .\CortexM3\ARM_GCC_541\Debug\u8x8_d_uc1601.o
LOAD .\CortexM3\ARM_GCC_541\Debug\u8x8_d_uc1604.o
LOAD .\CortexM3\ARM_GCC_541\Debug\u8x8_d_uc1608.o
LOAD .\CortexM3\ARM_GCC_541\Debug\u8x8_d_uc1609.o
LOAD .\CortexM3\ARM_GCC_541\Debug\u8x8_d_uc1610.o
LOAD .\CortexM3\ARM_GCC_541\Debug\u8x8_d_uc1611.o
LOAD .\CortexM3\ARM_GCC_541\Debug\u8x8_d_uc1617.o
LOAD .\CortexM3\ARM_GCC_541\Debug\u8x8_d_uc1638.o
LOAD .\CortexM3\ARM_GCC_541\Debug\u8x8_d_uc1701_dogs102.o
LOAD .\CortexM3\ARM_GCC_541\Debug\u8x8_d_uc1701_mini12864.o
LOAD .\CortexM3\ARM_GCC_541\Debug\u8x8_debounce.o
LOAD .\CortexM3\ARM_GCC_541\Debug\u8x8_display.o
LOAD .\CortexM3\ARM_GCC_541\Debug\u8x8_fonts.o
LOAD .\CortexM3\ARM_GCC_541\Debug\u8x8_gpio.o
LOAD .\CortexM3\ARM_GCC_541\Debug\u8x8_input_value.o
LOAD .\CortexM3\ARM_GCC_541\Debug\u8x8_message.o
LOAD .\CortexM3\ARM_GCC_541\Debug\u8x8_selection_list.o
LOAD .\CortexM3\ARM_GCC_541\Debug\u8x8_setup.o
LOAD .\CortexM3\ARM_GCC_541\Debug\u8x8_string.o
LOAD .\CortexM3\ARM_GCC_541\Debug\u8x8_u8toa.o
LOAD .\CortexM3\ARM_GCC_541\Debug\u8x8_u16toa.o
LOAD .\CortexM3\ARM_GCC_541\Debug\main.o
LOAD .\CortexM3\ARM_GCC_541\Debug\cyfitter_cfg.o
LOAD .\CortexM3\ARM_GCC_541\Debug\cymetadata.o
LOAD .\CortexM3\ARM_GCC_541\Debug\Cm3Start.o
LOAD .\CortexM3\ARM_GCC_541\Debug\Lab7.a
LOAD C:\Program Files (x86)\Cypress\PSoC Creator\4.4\PSoC Creator\psoc\content\cycomponentlibrary\CyComponentLibrary.cylib\CortexM3\ARM_GCC_541\Debug\CyComponentLibrary.a
LOAD c:/program files (x86)/cypress/psoc creator/4.4/psoc creator/import/gnu/arm/5.4.1/bin/../lib/gcc/arm-none-eabi/5.4.1/../../../../arm-none-eabi/lib/armv7-m\libm.a
END GROUP
START GROUP
LOAD c:/program files (x86)/cypress/psoc creator/4.4/psoc creator/import/gnu/arm/5.4.1/bin/../lib/gcc/arm-none-eabi/5.4.1/armv7-m\libgcc.a
LOAD c:/program files (x86)/cypress/psoc creator/4.4/psoc creator/import/gnu/arm/5.4.1/bin/../lib/gcc/arm-none-eabi/5.4.1/../../../../arm-none-eabi/lib/armv7-m\libg_nano.a
LOAD c:/program files (x86)/cypress/psoc creator/4.4/psoc creator/import/gnu/arm/5.4.1/bin/../lib/gcc/arm-none-eabi/5.4.1/../../../../arm-none-eabi/lib/armv7-m\libc_nano.a
END GROUP
START GROUP
LOAD c:/program files (x86)/cypress/psoc creator/4.4/psoc creator/import/gnu/arm/5.4.1/bin/../lib/gcc/arm-none-eabi/5.4.1/armv7-m\libgcc.a
LOAD c:/program files (x86)/cypress/psoc creator/4.4/psoc creator/import/gnu/arm/5.4.1/bin/../lib/gcc/arm-none-eabi/5.4.1/../../../../arm-none-eabi/lib/armv7-m\libc_nano.a
END GROUP
LOAD c:/program files (x86)/cypress/psoc creator/4.4/psoc creator/import/gnu/arm/5.4.1/bin/../lib/gcc/arm-none-eabi/5.4.1/armv7-m/crtend.o
LOAD c:/program files (x86)/cypress/psoc creator/4.4/psoc creator/import/gnu/arm/5.4.1/bin/../lib/gcc/arm-none-eabi/5.4.1/armv7-m/crtn.o
START GROUP
LOAD c:/program files (x86)/cypress/psoc creator/4.4/psoc creator/import/gnu/arm/5.4.1/bin/../lib/gcc/arm-none-eabi/5.4.1/armv7-m\libgcc.a
LOAD c:/program files (x86)/cypress/psoc creator/4.4/psoc creator/import/gnu/arm/5.4.1/bin/../lib/gcc/arm-none-eabi/5.4.1/../../../../arm-none-eabi/lib/armv7-m\libc.a
LOAD c:/program files (x86)/cypress/psoc creator/4.4/psoc creator/import/gnu/arm/5.4.1/bin/../lib/gcc/arm-none-eabi/5.4.1/../../../../arm-none-eabi/lib/armv7-m\libnosys.a
END GROUP
                0x00000000                CY_APPL_ORIGIN = 0x0
                0x00000100                CY_FLASH_ROW_SIZE = 0x100
                0x00000020                CY_ECC_ROW_SIZE = 0x20
                0x00000000                CY_EE_IN_BTLDR = 0x0
                0x00000000                CY_APPL_LOADABLE = 0x0
                0x00000800                CY_EE_SIZE = 0x800
                0x00000001                CY_APPL_NUM = 0x1
                0x00000001                CY_APPL_MAX = 0x1
                0x00000040                CY_METADATA_SIZE = 0x40
                0x00000000                CY_APPL_LOADABLE = 0x0
                0x00000000                CY_CHECKSUM_EXCLUDE_SIZE = ALIGN (0x0, CY_FLASH_ROW_SIZE)
                [!provide]                PROVIDE (__cy_heap_start, _end)
                0x00000001                PROVIDE (__cy_region_num, ((__cy_regions_end - __cy_regions) / 0x10))
                0x20008000                PROVIDE (__cy_stack, (ORIGIN (ram) + LENGTH (ram)))
                [!provide]                PROVIDE (__cy_heap_end, (__cy_stack - 0x800))

.cybootloader   0x00000000        0x0
 *(.cybootloader)
                0x00000000                appl1_start = CY_APPL_ORIGIN?CY_APPL_ORIGIN:ALIGN (CY_FLASH_ROW_SIZE)
                0x0001ff00                appl2_start = (appl1_start + ALIGN ((((LENGTH (rom) - appl1_start) - (0x2 * CY_FLASH_ROW_SIZE)) / 0x2), CY_FLASH_ROW_SIZE))
                0x00000000                appl_start = (CY_APPL_NUM == 0x1)?appl1_start:appl2_start
                0x00000000                ecc_offset = ((appl_start / CY_FLASH_ROW_SIZE) * CY_ECC_ROW_SIZE)
                0x00000000                ee_offset = (CY_APPL_LOADABLE && ! (CY_EE_IN_BTLDR))?((CY_EE_SIZE / CY_APPL_MAX) * (CY_APPL_NUM - 0x1)):0x0
                0x00000800                ee_size = (CY_APPL_LOADABLE && ! (CY_EE_IN_BTLDR))?(CY_EE_SIZE / CY_APPL_MAX):CY_EE_SIZE
                [!provide]                PROVIDE (CY_ECC_OFFSET, ecc_offset)

.text           0x00000000     0x29cc
 CREATE_OBJECT_SYMBOLS
                0x00000000                PROVIDE (__cy_interrupt_vector, RomVectors)
 *(.romvectors)
 .romvectors    0x00000000       0x10 .\CortexM3\ARM_GCC_541\Debug\Cm3Start.o
                0x00000000                RomVectors
                0x00000001                ASSERT ((. != __cy_interrupt_vector), No interrupt vector)
                0x00000001                ASSERT (CY_APPL_ORIGIN?(SIZEOF (.cybootloader) <= CY_APPL_ORIGIN):0x1, Wrong image location)
                0x00000010                PROVIDE (__cy_reset, Reset)
 *(.text.Reset)
 .text.Reset    0x00000010       0x18 .\CortexM3\ARM_GCC_541\Debug\Cm3Start.o
                0x00000010                Reset
                0x00000001                ASSERT ((. != __cy_reset), No reset code)
 *(.dma_init)
                0x00000001                ASSERT ((((appl_start + .) <= 0x10000) || 0x1), DMA Init must be within the first 64k of flash)
 *(.text .text.* .gnu.linkonce.t.*)
 .text          0x00000028       0x5c c:/program files (x86)/cypress/psoc creator/4.4/psoc creator/import/gnu/arm/5.4.1/bin/../lib/gcc/arm-none-eabi/5.4.1/armv7-m/crtbegin.o
 .text.u8x8_get_glyph_data
                0x00000084       0x7c .\CortexM3\ARM_GCC_541\Debug\u8x8_8x8.o
 .text.u8x8_ascii_next
                0x00000100       0x18 .\CortexM3\ARM_GCC_541\Debug\u8x8_8x8.o
                0x00000100                u8x8_ascii_next
 .text.u8x8_SetFont
                0x00000118        0x4 .\CortexM3\ARM_GCC_541\Debug\u8x8_8x8.o
                0x00000118                u8x8_SetFont
 .text.u8x8_DrawGlyph
                0x0000011c       0x64 .\CortexM3\ARM_GCC_541\Debug\u8x8_8x8.o
                0x0000011c                u8x8_DrawGlyph
 .text.u8x8_utf8_init
                0x00000180        0x8 .\CortexM3\ARM_GCC_541\Debug\u8x8_8x8.o
                0x00000180                u8x8_utf8_init
 .text.u8x8_draw_string
                0x00000188       0x50 .\CortexM3\ARM_GCC_541\Debug\u8x8_8x8.o
 .text.u8x8_DrawString
                0x000001d8       0x10 .\CortexM3\ARM_GCC_541\Debug\u8x8_8x8.o
                0x000001d8                u8x8_DrawString
 .text.u8x8_byte_SendBytes
                0x000001e8       0x10 .\CortexM3\ARM_GCC_541\Debug\u8x8_byte.o
                0x000001e8                u8x8_byte_SendBytes
 .text.u8x8_byte_SendByte
                0x000001f8       0x18 .\CortexM3\ARM_GCC_541\Debug\u8x8_byte.o
                0x000001f8                u8x8_byte_SendByte
 .text.u8x8_byte_StartTransfer
                0x00000210       0x10 .\CortexM3\ARM_GCC_541\Debug\u8x8_byte.o
                0x00000210                u8x8_byte_StartTransfer
 .text.u8x8_byte_EndTransfer
                0x00000220       0x10 .\CortexM3\ARM_GCC_541\Debug\u8x8_byte.o
                0x00000220                u8x8_byte_EndTransfer
 .text.u8x8_i2c_data_transfer
                0x00000230       0x28 .\CortexM3\ARM_GCC_541\Debug\u8x8_cad.o
 .text.u8x8_cad_SendCmd
                0x00000258       0x10 .\CortexM3\ARM_GCC_541\Debug\u8x8_cad.o
                0x00000258                u8x8_cad_SendCmd
 .text.u8x8_cad_SendArg
                0x00000268       0x10 .\CortexM3\ARM_GCC_541\Debug\u8x8_cad.o
                0x00000268                u8x8_cad_SendArg
 .text.u8x8_cad_SendData
                0x00000278       0x10 .\CortexM3\ARM_GCC_541\Debug\u8x8_cad.o
                0x00000278                u8x8_cad_SendData
 .text.u8x8_cad_StartTransfer
                0x00000288       0x10 .\CortexM3\ARM_GCC_541\Debug\u8x8_cad.o
                0x00000288                u8x8_cad_StartTransfer
 .text.u8x8_cad_EndTransfer
                0x00000298       0x10 .\CortexM3\ARM_GCC_541\Debug\u8x8_cad.o
                0x00000298                u8x8_cad_EndTransfer
 .text.u8x8_cad_SendSequence
                0x000002a8       0x6c .\CortexM3\ARM_GCC_541\Debug\u8x8_cad.o
                0x000002a8                u8x8_cad_SendSequence
 .text.u8x8_cad_ssd13xx_i2c
                0x00000314       0x7c .\CortexM3\ARM_GCC_541\Debug\u8x8_cad.o
                0x00000314                u8x8_cad_ssd13xx_i2c
 .text.u8x8_d_ssd1306_sh1106_generic
                0x00000390       0xe4 .\CortexM3\ARM_GCC_541\Debug\u8x8_d_ssd1306_128x64_noname.o
 .text.u8x8_d_ssd1306_128x64_noname
                0x00000474       0x44 .\CortexM3\ARM_GCC_541\Debug\u8x8_d_ssd1306_128x64_noname.o
                0x00000474                u8x8_d_ssd1306_128x64_noname
 .text.u8x8_d_helper_display_setup_memory
                0x000004b8        0xc .\CortexM3\ARM_GCC_541\Debug\u8x8_display.o
                0x000004b8                u8x8_d_helper_display_setup_memory
 .text.u8x8_d_helper_display_init
                0x000004c4       0x60 .\CortexM3\ARM_GCC_541\Debug\u8x8_display.o
                0x000004c4                u8x8_d_helper_display_init
 .text.u8x8_DrawTile
                0x00000524       0x24 .\CortexM3\ARM_GCC_541\Debug\u8x8_display.o
                0x00000524                u8x8_DrawTile
 .text.u8x8_SetupMemory
                0x00000548       0x10 .\CortexM3\ARM_GCC_541\Debug\u8x8_display.o
                0x00000548                u8x8_SetupMemory
 .text.u8x8_InitDisplay
                0x00000558       0x10 .\CortexM3\ARM_GCC_541\Debug\u8x8_display.o
                0x00000558                u8x8_InitDisplay
 .text.u8x8_SetPowerSave
                0x00000568       0x10 .\CortexM3\ARM_GCC_541\Debug\u8x8_display.o
                0x00000568                u8x8_SetPowerSave
 .text.u8x8_ClearDisplayWithTile
                0x00000578       0x40 .\CortexM3\ARM_GCC_541\Debug\u8x8_display.o
                0x00000578                u8x8_ClearDisplayWithTile
 .text.u8x8_ClearDisplay
                0x000005b8       0x18 .\CortexM3\ARM_GCC_541\Debug\u8x8_display.o
                0x000005b8                u8x8_ClearDisplay
 .text.u8x8_gpio_call
                0x000005d0        0xc .\CortexM3\ARM_GCC_541\Debug\u8x8_gpio.o
                0x000005d0                u8x8_gpio_call
 .text.u8x8_dummy_cb
                0x000005dc        0x4 .\CortexM3\ARM_GCC_541\Debug\u8x8_setup.o
                0x000005dc                u8x8_dummy_cb
 .text.u8x8_SetupDefaults
                0x000005e0       0x28 .\CortexM3\ARM_GCC_541\Debug\u8x8_setup.o
                0x000005e0                u8x8_SetupDefaults
 .text.u8x8_Setup
                0x00000608       0x20 .\CortexM3\ARM_GCC_541\Debug\u8x8_setup.o
                0x00000608                u8x8_Setup
 .text.PIN_IR_InterruptHandler
                0x00000628       0x8c .\CortexM3\ARM_GCC_541\Debug\main.o
                0x00000628                PIN_IR_InterruptHandler
 .text.psoc_gpio_and_delay_callback
                0x000006b4       0x28 .\CortexM3\ARM_GCC_541\Debug\main.o
                0x000006b4                psoc_gpio_and_delay_callback
 .text.u8x8_byte_hw_i2c
                0x000006dc       0x54 .\CortexM3\ARM_GCC_541\Debug\main.o
                0x000006dc                u8x8_byte_hw_i2c
 .text.display_msg
                0x00000730       0x38 .\CortexM3\ARM_GCC_541\Debug\main.o
                0x00000730                display_msg
 .text.pick_difficulty
                0x00000768      0x104 .\CortexM3\ARM_GCC_541\Debug\main.o
                0x00000768                pick_difficulty
 .text.generate_lock
                0x0000086c       0x54 .\CortexM3\ARM_GCC_541\Debug\main.o
                0x0000086c                generate_lock
 .text.get_distance
                0x000008c0       0x24 .\CortexM3\ARM_GCC_541\Debug\main.o
                0x000008c0                get_distance
 .text.set_pwm_speed
                0x000008e4       0x74 .\CortexM3\ARM_GCC_541\Debug\main.o
                0x000008e4                set_pwm_speed
 .text.lose     0x00000958       0x74 .\CortexM3\ARM_GCC_541\Debug\main.o
                0x00000958                lose
 .text.succes   0x000009cc       0x68 .\CortexM3\ARM_GCC_541\Debug\main.o
                0x000009cc                succes
 .text.main     0x00000a34      0x124 .\CortexM3\ARM_GCC_541\Debug\main.o
                0x00000a34                main
 .text.CyClockStartupError
                0x00000b58        0x4 .\CortexM3\ARM_GCC_541\Debug\cyfitter_cfg.o
 .text.cfg_write_bytes32
                0x00000b5c       0x34 .\CortexM3\ARM_GCC_541\Debug\cyfitter_cfg.o
 .text.CYMEMZERO
                0x00000b90        0xc .\CortexM3\ARM_GCC_541\Debug\cyfitter_cfg.o
 .text.AnalogSetDefault
                0x00000b9c       0x7c .\CortexM3\ARM_GCC_541\Debug\cyfitter_cfg.o
 .text.CYCONFIGCPY
                0x00000c18        0x8 .\CortexM3\ARM_GCC_541\Debug\cyfitter_cfg.o
 .text.ClockSetup
                0x00000c20      0x100 .\CortexM3\ARM_GCC_541\Debug\cyfitter_cfg.o
 .text.cyfitter_cfg
                0x00000d20      0x110 .\CortexM3\ARM_GCC_541\Debug\cyfitter_cfg.o
                0x00000d20                cyfitter_cfg
 .text.IntDefaultHandler
                0x00000e30       0x10 .\CortexM3\ARM_GCC_541\Debug\Cm3Start.o
                0x00000e30                IntDefaultHandler
 .text._sbrk    0x00000e40       0x30 .\CortexM3\ARM_GCC_541\Debug\Cm3Start.o
                0x00000e40                _sbrk
 .text.Start_c  0x00000e70       0x4c .\CortexM3\ARM_GCC_541\Debug\Cm3Start.o
                0x00000e70                Start_c
 .text.initialize_psoc
                0x00000ebc       0x68 .\CortexM3\ARM_GCC_541\Debug\Cm3Start.o
                0x00000ebc                initialize_psoc
 .text.CyHalt   0x00000f24        0x4 .\CortexM3\ARM_GCC_541\Debug\Lab7.a(CyLib.o)
                0x00000f24                CyHalt
 .text.CyDelay  0x00000f28       0x2c .\CortexM3\ARM_GCC_541\Debug\Lab7.a(CyLib.o)
                0x00000f28                CyDelay
 .text.CyDelayUs
                0x00000f54       0x14 .\CortexM3\ARM_GCC_541\Debug\Lab7.a(CyLib.o)
                0x00000f54                CyDelayUs
 .text.CyIntSetVector
                0x00000f68       0x28 .\CortexM3\ARM_GCC_541\Debug\Lab7.a(CyLib.o)
                0x00000f68                CyIntSetVector
 .text.CyIntSetPriority
                0x00000f90       0x30 .\CortexM3\ARM_GCC_541\Debug\Lab7.a(CyLib.o)
                0x00000f90                CyIntSetPriority
 .text.I2C_DISPLAY_Init
                0x00000fc0       0x68 .\CortexM3\ARM_GCC_541\Debug\Lab7.a(I2C_DISPLAY.o)
                0x00000fc0                I2C_DISPLAY_Init
 .text.I2C_DISPLAY_Enable
                0x00001028       0x24 .\CortexM3\ARM_GCC_541\Debug\Lab7.a(I2C_DISPLAY.o)
                0x00001028                I2C_DISPLAY_Enable
 .text.I2C_DISPLAY_Start
                0x0000104c       0x28 .\CortexM3\ARM_GCC_541\Debug\Lab7.a(I2C_DISPLAY.o)
                0x0000104c                I2C_DISPLAY_Start
 .text.I2C_DISPLAY_ISR
                0x00001074      0x2d0 .\CortexM3\ARM_GCC_541\Debug\Lab7.a(I2C_DISPLAY_INT.o)
                0x00001074                I2C_DISPLAY_ISR
 .text.I2C_DISPLAY_MasterSendStart
                0x00001344       0x80 .\CortexM3\ARM_GCC_541\Debug\Lab7.a(I2C_DISPLAY_MASTER.o)
                0x00001344                I2C_DISPLAY_MasterSendStart
 .text.I2C_DISPLAY_MasterSendStop
                0x000013c4       0x38 .\CortexM3\ARM_GCC_541\Debug\Lab7.a(I2C_DISPLAY_MASTER.o)
                0x000013c4                I2C_DISPLAY_MasterSendStop
 .text.I2C_DISPLAY_MasterWriteByte
                0x000013fc       0x58 .\CortexM3\ARM_GCC_541\Debug\Lab7.a(I2C_DISPLAY_MASTER.o)
                0x000013fc                I2C_DISPLAY_MasterWriteByte
 .text.ADC_POT_CalcGain
                0x00001454       0x64 .\CortexM3\ARM_GCC_541\Debug\Lab7.a(ADC_POT.o)
 .text.ADC_POT_Enable
                0x000014b8       0x94 .\CortexM3\ARM_GCC_541\Debug\Lab7.a(ADC_POT.o)
                0x000014b8                ADC_POT_Enable
 .text.ADC_POT_Stop
                0x0000154c       0x48 .\CortexM3\ARM_GCC_541\Debug\Lab7.a(ADC_POT.o)
                0x0000154c                ADC_POT_Stop
 .text.ADC_POT_SetResolution
                0x00001594       0x38 .\CortexM3\ARM_GCC_541\Debug\Lab7.a(ADC_POT.o)
                0x00001594                ADC_POT_SetResolution
 .text.ADC_POT_Init
                0x000015cc       0x3c .\CortexM3\ARM_GCC_541\Debug\Lab7.a(ADC_POT.o)
                0x000015cc                ADC_POT_Init
 .text.ADC_POT_Start
                0x00001608       0x1c .\CortexM3\ARM_GCC_541\Debug\Lab7.a(ADC_POT.o)
                0x00001608                ADC_POT_Start
 .text.ADC_POT_StartConvert
                0x00001624       0x10 .\CortexM3\ARM_GCC_541\Debug\Lab7.a(ADC_POT.o)
                0x00001624                ADC_POT_StartConvert
 .text.ADC_POT_IsEndConversion
                0x00001634       0x24 .\CortexM3\ARM_GCC_541\Debug\Lab7.a(ADC_POT.o)
                0x00001634                ADC_POT_IsEndConversion
 .text.ADC_POT_GetResult16
                0x00001658       0x18 .\CortexM3\ARM_GCC_541\Debug\Lab7.a(ADC_POT.o)
                0x00001658                ADC_POT_GetResult16
 .text.ADC_POT_ISR
                0x00001670        0x4 .\CortexM3\ARM_GCC_541\Debug\Lab7.a(ADC_POT_INT.o)
                0x00001670                ADC_POT_ISR
 .text.ADC_POT_theACLK_SetModeRegister
                0x00001674       0x14 .\CortexM3\ARM_GCC_541\Debug\Lab7.a(ADC_POT_theACLK.o)
                0x00001674                ADC_POT_theACLK_SetModeRegister
 .text.PIN_IR_ClearInterrupt
                0x00001688       0x10 .\CortexM3\ARM_GCC_541\Debug\Lab7.a(PIN_IR.o)
                0x00001688                PIN_IR_ClearInterrupt
 .text.PWM_O_LED_Enable
                0x00001698       0x10 .\CortexM3\ARM_GCC_541\Debug\Lab7.a(PWM_O_LED.o)
                0x00001698                PWM_O_LED_Enable
 .text.PWM_O_LED_Stop
                0x000016a8       0x10 .\CortexM3\ARM_GCC_541\Debug\Lab7.a(PWM_O_LED.o)
                0x000016a8                PWM_O_LED_Stop
 .text.PWM_O_LED_WriteCounter
                0x000016b8        0xc .\CortexM3\ARM_GCC_541\Debug\Lab7.a(PWM_O_LED.o)
                0x000016b8                PWM_O_LED_WriteCounter
 .text.PWM_O_LED_WritePeriod
                0x000016c4        0xc .\CortexM3\ARM_GCC_541\Debug\Lab7.a(PWM_O_LED.o)
                0x000016c4                PWM_O_LED_WritePeriod
 .text.PWM_O_LED_WriteCompare
                0x000016d0        0xc .\CortexM3\ARM_GCC_541\Debug\Lab7.a(PWM_O_LED.o)
                0x000016d0                PWM_O_LED_WriteCompare
 .text.PWM_O_LED_SetInterruptMode
                0x000016dc        0xc .\CortexM3\ARM_GCC_541\Debug\Lab7.a(PWM_O_LED.o)
                0x000016dc                PWM_O_LED_SetInterruptMode
 .text.PWM_O_LED_ReadStatusRegister
                0x000016e8        0xc .\CortexM3\ARM_GCC_541\Debug\Lab7.a(PWM_O_LED.o)
                0x000016e8                PWM_O_LED_ReadStatusRegister
 .text.PWM_O_LED_ReadCapture
                0x000016f4        0xc .\CortexM3\ARM_GCC_541\Debug\Lab7.a(PWM_O_LED.o)
                0x000016f4                PWM_O_LED_ReadCapture
 .text.PWM_O_LED_ClearFIFO
                0x00001700       0x14 .\CortexM3\ARM_GCC_541\Debug\Lab7.a(PWM_O_LED.o)
                0x00001700                PWM_O_LED_ClearFIFO
 .text.PWM_O_LED_Init
                0x00001714       0x60 .\CortexM3\ARM_GCC_541\Debug\Lab7.a(PWM_O_LED.o)
                0x00001714                PWM_O_LED_Init
 .text.PWM_O_LED_Start
                0x00001774       0x1c .\CortexM3\ARM_GCC_541\Debug\Lab7.a(PWM_O_LED.o)
                0x00001774                PWM_O_LED_Start
 .text.PWM_O_LED_ReadPeriod
                0x00001790        0xc .\CortexM3\ARM_GCC_541\Debug\Lab7.a(PWM_O_LED.o)
                0x00001790                PWM_O_LED_ReadPeriod
 .text.ISR_IR_SetVector
                0x0000179c        0xc .\CortexM3\ARM_GCC_541\Debug\Lab7.a(ISR_IR.o)
                0x0000179c                ISR_IR_SetVector
 .text.ISR_IR_SetPriority
                0x000017a8       0x10 .\CortexM3\ARM_GCC_541\Debug\Lab7.a(ISR_IR.o)
                0x000017a8                ISR_IR_SetPriority
 .text.ISR_IR_Enable
                0x000017b8        0xc .\CortexM3\ARM_GCC_541\Debug\Lab7.a(ISR_IR.o)
                0x000017b8                ISR_IR_Enable
 .text.ISR_IR_Disable
                0x000017c4        0xc .\CortexM3\ARM_GCC_541\Debug\Lab7.a(ISR_IR.o)
                0x000017c4                ISR_IR_Disable
 .text.ISR_IR_StartEx
                0x000017d0       0x1c .\CortexM3\ARM_GCC_541\Debug\Lab7.a(ISR_IR.o)
                0x000017d0                ISR_IR_StartEx
 .text.ISR_IR_Stop
                0x000017ec       0x14 .\CortexM3\ARM_GCC_541\Debug\Lab7.a(ISR_IR.o)
                0x000017ec                ISR_IR_Stop
 .text.PWM_BUZZER_Enable
                0x00001800       0x10 .\CortexM3\ARM_GCC_541\Debug\Lab7.a(PWM_BUZZER.o)
                0x00001800                PWM_BUZZER_Enable
 .text.PWM_BUZZER_Stop
                0x00001810       0x10 .\CortexM3\ARM_GCC_541\Debug\Lab7.a(PWM_BUZZER.o)
                0x00001810                PWM_BUZZER_Stop
 .text.PWM_BUZZER_WriteCounter
                0x00001820        0xc .\CortexM3\ARM_GCC_541\Debug\Lab7.a(PWM_BUZZER.o)
                0x00001820                PWM_BUZZER_WriteCounter
 .text.PWM_BUZZER_WritePeriod
                0x0000182c        0xc .\CortexM3\ARM_GCC_541\Debug\Lab7.a(PWM_BUZZER.o)
                0x0000182c                PWM_BUZZER_WritePeriod
 .text.PWM_BUZZER_WriteCompare
                0x00001838        0xc .\CortexM3\ARM_GCC_541\Debug\Lab7.a(PWM_BUZZER.o)
                0x00001838                PWM_BUZZER_WriteCompare
 .text.PWM_BUZZER_SetInterruptMode
                0x00001844        0xc .\CortexM3\ARM_GCC_541\Debug\Lab7.a(PWM_BUZZER.o)
                0x00001844                PWM_BUZZER_SetInterruptMode
 .text.PWM_BUZZER_ReadStatusRegister
                0x00001850        0xc .\CortexM3\ARM_GCC_541\Debug\Lab7.a(PWM_BUZZER.o)
                0x00001850                PWM_BUZZER_ReadStatusRegister
 .text.PWM_BUZZER_ReadCapture
                0x0000185c        0xc .\CortexM3\ARM_GCC_541\Debug\Lab7.a(PWM_BUZZER.o)
                0x0000185c                PWM_BUZZER_ReadCapture
 .text.PWM_BUZZER_ClearFIFO
                0x00001868       0x14 .\CortexM3\ARM_GCC_541\Debug\Lab7.a(PWM_BUZZER.o)
                0x00001868                PWM_BUZZER_ClearFIFO
 .text.PWM_BUZZER_Init
                0x0000187c       0x60 .\CortexM3\ARM_GCC_541\Debug\Lab7.a(PWM_BUZZER.o)
                0x0000187c                PWM_BUZZER_Init
 .text.PWM_BUZZER_Start
                0x000018dc       0x1c .\CortexM3\ARM_GCC_541\Debug\Lab7.a(PWM_BUZZER.o)
                0x000018dc                PWM_BUZZER_Start
 .text.PWM_ALARM_Enable
                0x000018f8       0x10 .\CortexM3\ARM_GCC_541\Debug\Lab7.a(PWM_ALARM.o)
                0x000018f8                PWM_ALARM_Enable
 .text.PWM_ALARM_Stop
                0x00001908       0x10 .\CortexM3\ARM_GCC_541\Debug\Lab7.a(PWM_ALARM.o)
                0x00001908                PWM_ALARM_Stop
 .text.PWM_ALARM_WriteCounter
                0x00001918        0xc .\CortexM3\ARM_GCC_541\Debug\Lab7.a(PWM_ALARM.o)
                0x00001918                PWM_ALARM_WriteCounter
 .text.PWM_ALARM_WritePeriod
                0x00001924        0xc .\CortexM3\ARM_GCC_541\Debug\Lab7.a(PWM_ALARM.o)
                0x00001924                PWM_ALARM_WritePeriod
 .text.PWM_ALARM_WriteCompare
                0x00001930        0xc .\CortexM3\ARM_GCC_541\Debug\Lab7.a(PWM_ALARM.o)
                0x00001930                PWM_ALARM_WriteCompare
 .text.PWM_ALARM_SetInterruptMode
                0x0000193c        0xc .\CortexM3\ARM_GCC_541\Debug\Lab7.a(PWM_ALARM.o)
                0x0000193c                PWM_ALARM_SetInterruptMode
 .text.PWM_ALARM_ReadStatusRegister
                0x00001948        0xc .\CortexM3\ARM_GCC_541\Debug\Lab7.a(PWM_ALARM.o)
                0x00001948                PWM_ALARM_ReadStatusRegister
 .text.PWM_ALARM_ReadCapture
                0x00001954        0xc .\CortexM3\ARM_GCC_541\Debug\Lab7.a(PWM_ALARM.o)
                0x00001954                PWM_ALARM_ReadCapture
 .text.PWM_ALARM_ClearFIFO
                0x00001960       0x14 .\CortexM3\ARM_GCC_541\Debug\Lab7.a(PWM_ALARM.o)
                0x00001960                PWM_ALARM_ClearFIFO
 .text.PWM_ALARM_Init
                0x00001974       0x60 .\CortexM3\ARM_GCC_541\Debug\Lab7.a(PWM_ALARM.o)
                0x00001974                PWM_ALARM_Init
 .text.PWM_ALARM_Start
                0x000019d4       0x1c .\CortexM3\ARM_GCC_541\Debug\Lab7.a(PWM_ALARM.o)
                0x000019d4                PWM_ALARM_Start
 .text.PWM_ALARM_ReadPeriod
                0x000019f0        0xc .\CortexM3\ARM_GCC_541\Debug\Lab7.a(PWM_ALARM.o)
                0x000019f0                PWM_ALARM_ReadPeriod
 *fill*         0x000019fc        0x4 
 .text          0x00001a00       0x20 .\CortexM3\ARM_GCC_541\Debug\Lab7.a(CyBootAsmGnu.o)
                0x00001a00                CyDelayCycles
                0x00001a10                CyEnterCriticalSection
                0x00001a18                CyExitCriticalSection
 .text          0x00001a20      0x370 c:/program files (x86)/cypress/psoc creator/4.4/psoc creator/import/gnu/arm/5.4.1/bin/../lib/gcc/arm-none-eabi/5.4.1/armv7-m\libgcc.a(_arm_addsubdf3.o)
                0x00001a20                __aeabi_drsub
                0x00001a28                __aeabi_dsub
                0x00001a28                __subdf3
                0x00001a2c                __aeabi_dadd
                0x00001a2c                __adddf3
                0x00001ca4                __floatunsidf
                0x00001ca4                __aeabi_ui2d
                0x00001cc4                __floatsidf
                0x00001cc4                __aeabi_i2d
                0x00001ce8                __aeabi_f2d
                0x00001ce8                __extendsfdf2
                0x00001d24                __floatundidf
                0x00001d24                __aeabi_ul2d
                0x00001d34                __floatdidf
                0x00001d34                __aeabi_l2d
 .text          0x00001d90      0x424 c:/program files (x86)/cypress/psoc creator/4.4/psoc creator/import/gnu/arm/5.4.1/bin/../lib/gcc/arm-none-eabi/5.4.1/armv7-m\libgcc.a(_arm_muldivdf3.o)
                0x00001d90                __aeabi_dmul
                0x00001d90                __muldf3
                0x00001fe4                __divdf3
                0x00001fe4                __aeabi_ddiv
 .text          0x000021b4       0x40 c:/program files (x86)/cypress/psoc creator/4.4/psoc creator/import/gnu/arm/5.4.1/bin/../lib/gcc/arm-none-eabi/5.4.1/armv7-m\libgcc.a(_arm_fixunsdfsi.o)
                0x000021b4                __aeabi_d2uiz
                0x000021b4                __fixunsdfsi
 .text          0x000021f4      0x21c c:/program files (x86)/cypress/psoc creator/4.4/psoc creator/import/gnu/arm/5.4.1/bin/../lib/gcc/arm-none-eabi/5.4.1/armv7-m\libgcc.a(_arm_addsubsf3.o)
                0x000021f4                __aeabi_frsub
                0x000021fc                __subsf3
                0x000021fc                __aeabi_fsub
                0x00002200                __aeabi_fadd
                0x00002200                __addsf3
                0x00002360                __aeabi_ui2f
                0x00002360                __floatunsisf
                0x00002368                __aeabi_i2f
                0x00002368                __floatsisf
                0x00002384                __aeabi_ul2f
                0x00002384                __floatundisf
                0x00002394                __aeabi_l2f
                0x00002394                __floatdisf
 .text          0x00002410      0x2a0 c:/program files (x86)/cypress/psoc creator/4.4/psoc creator/import/gnu/arm/5.4.1/bin/../lib/gcc/arm-none-eabi/5.4.1/armv7-m\libgcc.a(_arm_muldivsf3.o)
                0x00002410                __mulsf3
                0x00002410                __aeabi_fmul
                0x00002578                __aeabi_fdiv
                0x00002578                __divsf3
 .text          0x000026b0       0x40 c:/program files (x86)/cypress/psoc creator/4.4/psoc creator/import/gnu/arm/5.4.1/bin/../lib/gcc/arm-none-eabi/5.4.1/armv7-m\libgcc.a(_arm_fixunssfsi.o)
                0x000026b0                __fixunssfsi
                0x000026b0                __aeabi_f2uiz
 .text.__errno  0x000026f0        0xc c:/program files (x86)/cypress/psoc creator/4.4/psoc creator/import/gnu/arm/5.4.1/bin/../lib/gcc/arm-none-eabi/5.4.1/../../../../arm-none-eabi/lib/armv7-m\libg_nano.a(lib_a-errno.o)
                0x000026f0                __errno
 .text.__libc_init_array
                0x000026fc       0x4c c:/program files (x86)/cypress/psoc creator/4.4/psoc creator/import/gnu/arm/5.4.1/bin/../lib/gcc/arm-none-eabi/5.4.1/../../../../arm-none-eabi/lib/armv7-m\libg_nano.a(lib_a-init.o)
                0x000026fc                __libc_init_array
 .text.malloc   0x00002748       0x10 c:/program files (x86)/cypress/psoc creator/4.4/psoc creator/import/gnu/arm/5.4.1/bin/../lib/gcc/arm-none-eabi/5.4.1/../../../../arm-none-eabi/lib/armv7-m\libg_nano.a(lib_a-malloc.o)
                0x00002748                malloc
 .text.free     0x00002758       0x10 c:/program files (x86)/cypress/psoc creator/4.4/psoc creator/import/gnu/arm/5.4.1/bin/../lib/gcc/arm-none-eabi/5.4.1/../../../../arm-none-eabi/lib/armv7-m\libg_nano.a(lib_a-malloc.o)
                0x00002758                free
 .text.memcpy   0x00002768       0x16 c:/program files (x86)/cypress/psoc creator/4.4/psoc creator/import/gnu/arm/5.4.1/bin/../lib/gcc/arm-none-eabi/5.4.1/../../../../arm-none-eabi/lib/armv7-m\libg_nano.a(lib_a-memcpy-stub.o)
                0x00002768                memcpy
 .text.memset   0x0000277e       0x10 c:/program files (x86)/cypress/psoc creator/4.4/psoc creator/import/gnu/arm/5.4.1/bin/../lib/gcc/arm-none-eabi/5.4.1/../../../../arm-none-eabi/lib/armv7-m\libg_nano.a(lib_a-memset.o)
                0x0000277e                memset
 *fill*         0x0000278e        0x2 
 .text._free_r  0x00002790       0x98 c:/program files (x86)/cypress/psoc creator/4.4/psoc creator/import/gnu/arm/5.4.1/bin/../lib/gcc/arm-none-eabi/5.4.1/../../../../arm-none-eabi/lib/armv7-m\libg_nano.a(lib_a-nano-freer.o)
                0x00002790                _free_r
 .text._malloc_r
                0x00002828       0xbc c:/program files (x86)/cypress/psoc creator/4.4/psoc creator/import/gnu/arm/5.4.1/bin/../lib/gcc/arm-none-eabi/5.4.1/../../../../arm-none-eabi/lib/armv7-m\libg_nano.a(lib_a-nano-mallocr.o)
                0x00002828                _malloc_r
 .text.srand    0x000028e4       0x50 c:/program files (x86)/cypress/psoc creator/4.4/psoc creator/import/gnu/arm/5.4.1/bin/../lib/gcc/arm-none-eabi/5.4.1/../../../../arm-none-eabi/lib/armv7-m\libg_nano.a(lib_a-rand.o)
                0x000028e4                srand
 .text.rand     0x00002934       0x74 c:/program files (x86)/cypress/psoc creator/4.4/psoc creator/import/gnu/arm/5.4.1/bin/../lib/gcc/arm-none-eabi/5.4.1/../../../../arm-none-eabi/lib/armv7-m\libg_nano.a(lib_a-rand.o)
                0x00002934                rand
 .text._sbrk_r  0x000029a8       0x20 c:/program files (x86)/cypress/psoc creator/4.4/psoc creator/import/gnu/arm/5.4.1/bin/../lib/gcc/arm-none-eabi/5.4.1/../../../../arm-none-eabi/lib/armv7-m\libg_nano.a(lib_a-sbrkr.o)
                0x000029a8                _sbrk_r
 .text.__malloc_lock
                0x000029c8        0x2 c:/program files (x86)/cypress/psoc creator/4.4/psoc creator/import/gnu/arm/5.4.1/bin/../lib/gcc/arm-none-eabi/5.4.1/../../../../arm-none-eabi/lib/armv7-m\libg_nano.a(lib_a-mlock.o)
                0x000029c8                __malloc_lock
 .text.__malloc_unlock
                0x000029ca        0x2 c:/program files (x86)/cypress/psoc creator/4.4/psoc creator/import/gnu/arm/5.4.1/bin/../lib/gcc/arm-none-eabi/5.4.1/../../../../arm-none-eabi/lib/armv7-m\libg_nano.a(lib_a-mlock.o)
                0x000029ca                __malloc_unlock
 *(.plt)
 *(.gnu.warning)
 *(.glue_7t)
 .glue_7t       0x000029cc        0x0 linker stubs
 *(.glue_7)
 .glue_7        0x000029cc        0x0 linker stubs
 *(.vfp11_veneer)
 .vfp11_veneer  0x000029cc        0x0 linker stubs
 *(.bootloader)
 *(.ARM.extab* .gnu.linkonce.armextab.*)
 *(.gcc_except_table)

.v4_bx          0x000029cc        0x0
 .v4_bx         0x000029cc        0x0 linker stubs

.iplt           0x000029cc        0x0
 .iplt          0x000029cc        0x0 c:/program files (x86)/cypress/psoc creator/4.4/psoc creator/import/gnu/arm/5.4.1/bin/../lib/gcc/arm-none-eabi/5.4.1/armv7-m/crtbegin.o

.eh_frame_hdr
 *(.eh_frame_hdr)

.eh_frame       0x000029cc        0x4
 *(.eh_frame)
 .eh_frame      0x000029cc        0x0 c:/program files (x86)/cypress/psoc creator/4.4/psoc creator/import/gnu/arm/5.4.1/bin/../lib/gcc/arm-none-eabi/5.4.1/armv7-m/crtbegin.o
 .eh_frame      0x000029cc        0x4 c:/program files (x86)/cypress/psoc creator/4.4/psoc creator/import/gnu/arm/5.4.1/bin/../lib/gcc/arm-none-eabi/5.4.1/armv7-m/crtend.o
                [!provide]                PROVIDE (__exidx_start, .)

.ARM.exidx
 *(.ARM.exidx* .gnu.linkonce.armexidx.*)
                0x000029d0                __exidx_end = .

.rodata         0x000029d0      0x9d8
 *(.rodata .rodata.* .gnu.linkonce.r.*)
 .rodata        0x000029d0      0x125 .\CortexM3\ARM_GCC_541\Debug\u8x8_d_ssd1306_128x64_noname.o
 *fill*         0x00002af5        0x3 
 .rodata        0x00002af8      0x704 .\CortexM3\ARM_GCC_541\Debug\u8x8_fonts.o
                0x00002af8                u8x8_font_amstrad_cpc_extended_f
 .rodata.str1.4
                0x000031fc       0xd0 .\CortexM3\ARM_GCC_541\Debug\main.o
 .rodata        0x000032cc       0x42 .\CortexM3\ARM_GCC_541\Debug\cyfitter_cfg.o
 .rodata.str1.1
                0x0000330e        0x2 c:/program files (x86)/cypress/psoc creator/4.4/psoc creator/import/gnu/arm/5.4.1/bin/../lib/gcc/arm-none-eabi/5.4.1/../../../../arm-none-eabi/lib/armv7-m\libg_nano.a(lib_a-impure.o)
 .rodata.__sf_fake_stdin
                0x00003310       0x20 c:/program files (x86)/cypress/psoc creator/4.4/psoc creator/import/gnu/arm/5.4.1/bin/../lib/gcc/arm-none-eabi/5.4.1/../../../../arm-none-eabi/lib/armv7-m\libg_nano.a(lib_a-findfp.o)
                0x00003310                __sf_fake_stdin
 .rodata.__sf_fake_stdout
                0x00003330       0x20 c:/program files (x86)/cypress/psoc creator/4.4/psoc creator/import/gnu/arm/5.4.1/bin/../lib/gcc/arm-none-eabi/5.4.1/../../../../arm-none-eabi/lib/armv7-m\libg_nano.a(lib_a-findfp.o)
                0x00003330                __sf_fake_stdout
 .rodata.__sf_fake_stderr
                0x00003350       0x20 c:/program files (x86)/cypress/psoc creator/4.4/psoc creator/import/gnu/arm/5.4.1/bin/../lib/gcc/arm-none-eabi/5.4.1/../../../../arm-none-eabi/lib/armv7-m\libg_nano.a(lib_a-findfp.o)
                0x00003350                __sf_fake_stderr
                0x00003370                . = ALIGN (0x4)
 *(.init)
 .init          0x00003370        0x4 c:/program files (x86)/cypress/psoc creator/4.4/psoc creator/import/gnu/arm/5.4.1/bin/../lib/gcc/arm-none-eabi/5.4.1/armv7-m/crti.o
                0x00003370                _init
 .init          0x00003374        0x8 c:/program files (x86)/cypress/psoc creator/4.4/psoc creator/import/gnu/arm/5.4.1/bin/../lib/gcc/arm-none-eabi/5.4.1/armv7-m/crtn.o
                0x0000337c                . = ALIGN (0x4)
                0x0000337c                __preinit_array_start = .
 *(.preinit_array)
                0x0000337c                __preinit_array_end = .
                0x0000337c                . = ALIGN (0x4)
                0x0000337c                __init_array_start = .
 *(SORT(.init_array.*))
 *(.init_array)
 .init_array    0x0000337c        0x4 c:/program files (x86)/cypress/psoc creator/4.4/psoc creator/import/gnu/arm/5.4.1/bin/../lib/gcc/arm-none-eabi/5.4.1/armv7-m/crtbegin.o
 .init_array    0x00003380        0x4 .\CortexM3\ARM_GCC_541\Debug\Cm3Start.o
                0x00003384                __init_array_end = .
                0x00003384                . = ALIGN (0x4)
 *(.fini)
 .fini          0x00003384        0x4 c:/program files (x86)/cypress/psoc creator/4.4/psoc creator/import/gnu/arm/5.4.1/bin/../lib/gcc/arm-none-eabi/5.4.1/armv7-m/crti.o
                0x00003384                _fini
 .fini          0x00003388        0x8 c:/program files (x86)/cypress/psoc creator/4.4/psoc creator/import/gnu/arm/5.4.1/bin/../lib/gcc/arm-none-eabi/5.4.1/armv7-m/crtn.o
                0x00003390                . = ALIGN (0x4)
                0x00003390                __fini_array_start = .
 *(.fini_array)
 .fini_array    0x00003390        0x4 c:/program files (x86)/cypress/psoc creator/4.4/psoc creator/import/gnu/arm/5.4.1/bin/../lib/gcc/arm-none-eabi/5.4.1/armv7-m/crtbegin.o
 *(SORT(.fini_array.*))
                0x00003394                __fini_array_end = .
                0x00003394                . = ALIGN (0x4)
 *crtbegin.o(.ctors)
 *(EXCLUDE_FILE(*crtend.o) .ctors)
 *(SORT(.ctors.*))
 *crtend.o(.ctors)
                0x00003394                . = ALIGN (0x4)
 *crtbegin.o(.dtors)
 *(EXCLUDE_FILE(*crtend.o) .dtors)
 *(SORT(.dtors.*))
 *crtend.o(.dtors)
                0x00003394                . = ALIGN (0x4)
                0x00003394                __cy_regions = .
                0x00003394        0x4 LONG 0x33a8 __cy_region_init_ram
                0x00003398        0x4 LONG 0x1fff80c8 __cy_region_start_data
                0x0000339c        0x4 LONG 0x80 __cy_region_init_size_ram
                0x000033a0        0x4 LONG 0x98 __cy_region_zero_size_ram
                0x000033a4                __cy_regions_end = .
                0x000033a8                . = ALIGN (0x8)
 *fill*         0x000033a4        0x4 
                0x000033a8                _etext = .

.cy_checksum_exclude
                0x000033a8        0x0
 *(.cy_checksum_exclude)

.ramvectors     0x1fff8000       0xc0
                0x1fff8000                __cy_region_start_ram = .
 *(.ramvectors)
 .ramvectors    0x1fff8000       0xc0 .\CortexM3\ARM_GCC_541\Debug\Cm3Start.o
                0x1fff8000                CyRamVectors

.noinit         0x1fff80c0        0x1
 *(.noinit)
 .noinit        0x1fff80c0        0x1 .\CortexM3\ARM_GCC_541\Debug\Lab7.a(CyLib.o)
                0x1fff80c0                CyResetStatus

.data           0x1fff80c8       0x80 load address 0x000033a8
                0x1fff80c8                __cy_region_start_data = .
 *(.jcr)
 .jcr           0x1fff80c8        0x0 c:/program files (x86)/cypress/psoc creator/4.4/psoc creator/import/gnu/arm/5.4.1/bin/../lib/gcc/arm-none-eabi/5.4.1/armv7-m/crtbegin.o
 .jcr           0x1fff80c8        0x4 c:/program files (x86)/cypress/psoc creator/4.4/psoc creator/import/gnu/arm/5.4.1/bin/../lib/gcc/arm-none-eabi/5.4.1/armv7-m/crtend.o
 *(.got.plt)
 *(.got)
 *(.shdata)
 *(.data .data.* .gnu.linkonce.d.*)
 .data          0x1fff80cc        0x4 .\CortexM3\ARM_GCC_541\Debug\Cm3Start.o
 .data          0x1fff80d0       0x10 .\CortexM3\ARM_GCC_541\Debug\Lab7.a(CyLib.o)
                0x1fff80d0                cydelay_32k_ms
                0x1fff80d4                cydelay_freq_khz
                0x1fff80d8                cydelay_freq_mhz
                0x1fff80dc                cydelay_freq_hz
 .data.impure_data
                0x1fff80e0       0x60 c:/program files (x86)/cypress/psoc creator/4.4/psoc creator/import/gnu/arm/5.4.1/bin/../lib/gcc/arm-none-eabi/5.4.1/../../../../arm-none-eabi/lib/armv7-m\libg_nano.a(lib_a-impure.o)
 .data._impure_ptr
                0x1fff8140        0x4 c:/program files (x86)/cypress/psoc creator/4.4/psoc creator/import/gnu/arm/5.4.1/bin/../lib/gcc/arm-none-eabi/5.4.1/../../../../arm-none-eabi/lib/armv7-m\libg_nano.a(lib_a-impure.o)
                0x1fff8140                _impure_ptr
                0x1fff8148                . = ALIGN (0x8)
 *fill*         0x1fff8144        0x4 
 *(.ram)
                0x1fff8148                _edata = .

.igot.plt       0x1fff8148        0x0 load address 0x00003428
 .igot.plt      0x1fff8148        0x0 c:/program files (x86)/cypress/psoc creator/4.4/psoc creator/import/gnu/arm/5.4.1/bin/../lib/gcc/arm-none-eabi/5.4.1/armv7-m/crtbegin.o

.bss            0x1fff8148       0x98 load address 0x00003428
                0x1fff8148                PROVIDE (__bss_start__, .)
 *(.shbss)
 *(.bss .bss.* .gnu.linkonce.b.*)
 .bss           0x1fff8148       0x1c c:/program files (x86)/cypress/psoc creator/4.4/psoc creator/import/gnu/arm/5.4.1/bin/../lib/gcc/arm-none-eabi/5.4.1/armv7-m/crtbegin.o
 *fill*         0x1fff8164        0x4 
 .bss           0x1fff8168       0x14 .\CortexM3\ARM_GCC_541\Debug\main.o
                0x1fff8168                interrupt_flag
                0x1fff8169                playing
                0x1fff8170                pick_dif_rep
                0x1fff8178                samples_pointer
 .bss           0x1fff817c        0x1 .\CortexM3\ARM_GCC_541\Debug\Lab7.a(I2C_DISPLAY.o)
                0x1fff817c                I2C_DISPLAY_initVar
 .bss           0x1fff817d        0x1 .\CortexM3\ARM_GCC_541\Debug\Lab7.a(ADC_POT.o)
                0x1fff817d                ADC_POT_initVar
 .bss           0x1fff817e        0x1 .\CortexM3\ARM_GCC_541\Debug\Lab7.a(PWM_O_LED.o)
                0x1fff817e                PWM_O_LED_initVar
 .bss           0x1fff817f        0x1 .\CortexM3\ARM_GCC_541\Debug\Lab7.a(PWM_BUZZER.o)
                0x1fff817f                PWM_BUZZER_initVar
 .bss           0x1fff8180        0x1 .\CortexM3\ARM_GCC_541\Debug\Lab7.a(PWM_ALARM.o)
                0x1fff8180                PWM_ALARM_initVar
 *fill*         0x1fff8181        0x3 
 .bss.__malloc_sbrk_start
                0x1fff8184        0x4 c:/program files (x86)/cypress/psoc creator/4.4/psoc creator/import/gnu/arm/5.4.1/bin/../lib/gcc/arm-none-eabi/5.4.1/../../../../arm-none-eabi/lib/armv7-m\libg_nano.a(lib_a-nano-mallocr.o)
                0x1fff8184                __malloc_sbrk_start
 .bss.__malloc_free_list
                0x1fff8188        0x4 c:/program files (x86)/cypress/psoc creator/4.4/psoc creator/import/gnu/arm/5.4.1/bin/../lib/gcc/arm-none-eabi/5.4.1/../../../../arm-none-eabi/lib/armv7-m\libg_nano.a(lib_a-nano-mallocr.o)
                0x1fff8188                __malloc_free_list
 *(COMMON)
 COMMON         0x1fff818c       0x31 .\CortexM3\ARM_GCC_541\Debug\main.o
                0x1fff818c                sample_size
                0x1fff8190                EM2Display
                0x1fff81bc                line_selection
 COMMON         0x1fff81bd        0x1 .\CortexM3\ARM_GCC_541\Debug\Lab7.a(I2C_DISPLAY.o)
                0x1fff81bd                I2C_DISPLAY_state
 *fill*         0x1fff81be        0x2 
 COMMON         0x1fff81c0        0xe .\CortexM3\ARM_GCC_541\Debug\Lab7.a(I2C_DISPLAY_MASTER.o)
                0x1fff81c0                I2C_DISPLAY_mstrWrBufPtr
                0x1fff81c4                I2C_DISPLAY_mstrStatus
                0x1fff81c5                I2C_DISPLAY_mstrWrBufIndex
                0x1fff81c6                I2C_DISPLAY_mstrWrBufSize
                0x1fff81c7                I2C_DISPLAY_mstrControl
                0x1fff81c8                I2C_DISPLAY_mstrRdBufPtr
                0x1fff81cc                I2C_DISPLAY_mstrRdBufSize
                0x1fff81cd                I2C_DISPLAY_mstrRdBufIndex
 *fill*         0x1fff81ce        0x2 
 COMMON         0x1fff81d0        0xc .\CortexM3\ARM_GCC_541\Debug\Lab7.a(ADC_POT.o)
                0x1fff81d0                ADC_POT_offset
                0x1fff81d2                ADC_POT_countsPerVolt
                0x1fff81d4                ADC_POT_shift
                0x1fff81d8                ADC_POT_countsPer10Volt
 COMMON         0x1fff81dc        0x4 c:/program files (x86)/cypress/psoc creator/4.4/psoc creator/import/gnu/arm/5.4.1/bin/../lib/gcc/arm-none-eabi/5.4.1/../../../../arm-none-eabi/lib/armv7-m\libg_nano.a(lib_a-reent.o)
                0x1fff81dc                errno
                0x1fff81e0                . = ALIGN (0x8)
 *(.ram.b)
                0x1fff81e0                _end = .
                0x1fff81e0                __end = .
                0x1fff81e0                PROVIDE (end, .)
                0x1fff81e0                PROVIDE (__bss_end__, .)
                0x000033a8                __cy_region_init_ram = LOADADDR (.data)
                0x00000080                __cy_region_init_size_ram = (_edata - ADDR (.data))
                0x00000098                __cy_region_zero_size_ram = (_end - _edata)

.heap           0x1fff81e0       0x80 load address 0x00003428
                0x1fff81e0                . = _end
                0x1fff8260                . = (. + 0x80)
 *fill*         0x1fff81e0       0x80 
                0x1fff8260                __cy_heap_limit = .

.stack          0x20007800      0x800
                0x20007800                __cy_stack_limit = .
                0x20008000                . = (. + 0x800)
 *fill*         0x20007800      0x800 
                0x00000001                ASSERT ((__cy_stack_limit >= __cy_heap_limit), region RAM overflowed with stack)
                0x00000000                cy_checksum_exclude_size = (CY_APPL_LOADABLE == 0x1)?SIZEOF (.cy_checksum_exclude):0x0
                0x00000001                ASSERT ((cy_checksum_exclude_size <= CY_CHECKSUM_EXCLUDE_SIZE), CY_BOOT: Section .cy_checksum_exclude size exceedes specified limit.)

.cyloadermeta
 *(.cyloadermeta)

.cyloadablemeta
 *(.cyloadablemeta)

.cyconfigecc    0x80000000      0x35c
 *(.cyconfigecc)
 .cyconfigecc   0x80000000      0x35c .\CortexM3\ARM_GCC_541\Debug\cymetadata.o
                0x80000000                cy_meta_configecc

.cycustnvl      0x90000000        0x4
 *(.cycustnvl)
 .cycustnvl     0x90000000        0x4 .\CortexM3\ARM_GCC_541\Debug\cymetadata.o
                0x90000000                cy_meta_custnvl

.cywolatch      0x90100000        0x4
 *(.cywolatch)
 .cywolatch     0x90100000        0x4 .\CortexM3\ARM_GCC_541\Debug\cymetadata.o
                0x90100000                cy_meta_wonvl

.cyeeprom       0x90200000        0x0
 *(.cyeeprom)
                0x00000001                ASSERT ((. <= ((0x90200000 + ee_offset) + ee_size)), .cyeeprom data will not fit in EEPROM)

.cyflashprotect
                0x90400000      0x100
 *(.cyflashprotect)
 .cyflashprotect
                0x90400000      0x100 .\CortexM3\ARM_GCC_541\Debug\cymetadata.o
                0x90400000                cy_meta_flashprotect

.cymeta         0x90500000        0xc
 *(.cymeta)
 .cymeta        0x90500000        0xc .\CortexM3\ARM_GCC_541\Debug\cymetadata.o
                0x90500000                cy_metadata

.rel.dyn        0x00003428        0x0 load address 0x9050000c
 .rel.iplt      0x00003428        0x0 c:/program files (x86)/cypress/psoc creator/4.4/psoc creator/import/gnu/arm/5.4.1/bin/../lib/gcc/arm-none-eabi/5.4.1/armv7-m/crtbegin.o

.stab           0x00000000       0x9c
 *(.stab)
 .stab          0x00000000       0x24 c:/program files (x86)/cypress/psoc creator/4.4/psoc creator/import/gnu/arm/5.4.1/bin/../lib/gcc/arm-none-eabi/5.4.1/../../../../arm-none-eabi/lib/armv7-m\libnosys.a(close.o)
 .stab          0x00000024       0x18 c:/program files (x86)/cypress/psoc creator/4.4/psoc creator/import/gnu/arm/5.4.1/bin/../lib/gcc/arm-none-eabi/5.4.1/../../../../arm-none-eabi/lib/armv7-m\libnosys.a(fstat.o)
                                 0x24 (size before relaxing)
 .stab          0x0000003c       0x18 c:/program files (x86)/cypress/psoc creator/4.4/psoc creator/import/gnu/arm/5.4.1/bin/../lib/gcc/arm-none-eabi/5.4.1/../../../../arm-none-eabi/lib/armv7-m\libnosys.a(isatty.o)
                                 0x24 (size before relaxing)
 .stab          0x00000054       0x18 c:/program files (x86)/cypress/psoc creator/4.4/psoc creator/import/gnu/arm/5.4.1/bin/../lib/gcc/arm-none-eabi/5.4.1/../../../../arm-none-eabi/lib/armv7-m\libnosys.a(lseek.o)
                                 0x24 (size before relaxing)
 .stab          0x0000006c       0x18 c:/program files (x86)/cypress/psoc creator/4.4/psoc creator/import/gnu/arm/5.4.1/bin/../lib/gcc/arm-none-eabi/5.4.1/../../../../arm-none-eabi/lib/armv7-m\libnosys.a(read.o)
                                 0x24 (size before relaxing)
 .stab          0x00000084       0x18 c:/program files (x86)/cypress/psoc creator/4.4/psoc creator/import/gnu/arm/5.4.1/bin/../lib/gcc/arm-none-eabi/5.4.1/../../../../arm-none-eabi/lib/armv7-m\libnosys.a(write.o)
                                 0x24 (size before relaxing)

.stabstr        0x00000000      0x14d
 *(.stabstr)
 .stabstr       0x00000000      0x14d c:/program files (x86)/cypress/psoc creator/4.4/psoc creator/import/gnu/arm/5.4.1/bin/../lib/gcc/arm-none-eabi/5.4.1/../../../../arm-none-eabi/lib/armv7-m\libnosys.a(close.o)

.debug
 *(.debug)

.line
 *(.line)

.debug_srcinfo
 *(.debug_srcinfo)

.debug_sfnames
 *(.debug_sfnames)

.debug_aranges  0x00000000     0x4310
 *(.debug_aranges)
 .debug_aranges
                0x00000000      0x150 .\CortexM3\ARM_GCC_541\Debug\mui.o
 .debug_aranges
                0x00000150      0x178 .\CortexM3\ARM_GCC_541\Debug\mui_u8g2.o
 .debug_aranges
                0x000002c8       0x50 .\CortexM3\ARM_GCC_541\Debug\u8g2_bitmap.o
 .debug_aranges
                0x00000318       0x38 .\CortexM3\ARM_GCC_541\Debug\u8g2_box.o
 .debug_aranges
                0x00000350       0x80 .\CortexM3\ARM_GCC_541\Debug\u8g2_buffer.o
 .debug_aranges
                0x000003d0       0x28 .\CortexM3\ARM_GCC_541\Debug\u8g2_button.o
 .debug_aranges
                0x000003f8       0x78 .\CortexM3\ARM_GCC_541\Debug\u8g2_circle.o
 .debug_aranges
                0x00000470       0x20 .\CortexM3\ARM_GCC_541\Debug\u8g2_cleardisplay.o
 .debug_aranges
                0x00000490      0x4c8 .\CortexM3\ARM_GCC_541\Debug\u8g2_d_memory.o
 .debug_aranges
                0x00000958     0x16e0 .\CortexM3\ARM_GCC_541\Debug\u8g2_d_setup.o
 .debug_aranges
                0x00002038      0x198 .\CortexM3\ARM_GCC_541\Debug\u8g2_font.o
 .debug_aranges
                0x000021d0       0x18 .\CortexM3\ARM_GCC_541\Debug\u8g2_fonts.o
 .debug_aranges
                0x000021e8       0x50 .\CortexM3\ARM_GCC_541\Debug\u8g2_hvline.o
 .debug_aranges
                0x00002238       0x20 .\CortexM3\ARM_GCC_541\Debug\u8g2_input_value.o
 .debug_aranges
                0x00002258       0x28 .\CortexM3\ARM_GCC_541\Debug\u8g2_intersection.o
 .debug_aranges
                0x00002280       0x28 .\CortexM3\ARM_GCC_541\Debug\u8g2_kerning.o
 .debug_aranges
                0x000022a8       0x20 .\CortexM3\ARM_GCC_541\Debug\u8g2_line.o
 .debug_aranges
                0x000022c8       0x28 .\CortexM3\ARM_GCC_541\Debug\u8g2_ll_hvline.o
 .debug_aranges
                0x000022f0       0x28 .\CortexM3\ARM_GCC_541\Debug\u8g2_message.o
 .debug_aranges
                0x00002318       0x98 .\CortexM3\ARM_GCC_541\Debug\u8g2_polygon.o
 .debug_aranges
                0x000023b0       0x40 .\CortexM3\ARM_GCC_541\Debug\u8g2_selection_list.o
 .debug_aranges
                0x000023f0       0xc8 .\CortexM3\ARM_GCC_541\Debug\u8g2_setup.o
 .debug_aranges
                0x000024b8       0xa0 .\CortexM3\ARM_GCC_541\Debug\u8log.o
 .debug_aranges
                0x00002558       0x28 .\CortexM3\ARM_GCC_541\Debug\u8log_u8g2.o
 .debug_aranges
                0x00002580       0x30 .\CortexM3\ARM_GCC_541\Debug\u8log_u8x8.o
 .debug_aranges
                0x000025b0       0xc8 .\CortexM3\ARM_GCC_541\Debug\u8x8_8x8.o
 .debug_aranges
                0x00002678       0xe0 .\CortexM3\ARM_GCC_541\Debug\u8x8_byte.o
 .debug_aranges
                0x00002758       0xd0 .\CortexM3\ARM_GCC_541\Debug\u8x8_cad.o
 .debug_aranges
                0x00002828       0x48 .\CortexM3\ARM_GCC_541\Debug\u8x8_capture.o
 .debug_aranges
                0x00002870       0x30 .\CortexM3\ARM_GCC_541\Debug\u8x8_d_a2printer.o
 .debug_aranges
                0x000028a0       0x28 .\CortexM3\ARM_GCC_541\Debug\u8x8_d_gu800.o
 .debug_aranges
                0x000028c8       0x30 .\CortexM3\ARM_GCC_541\Debug\u8x8_d_hd44102.o
 .debug_aranges
                0x000028f8       0x40 .\CortexM3\ARM_GCC_541\Debug\u8x8_d_il3820_296x128.o
 .debug_aranges
                0x00002938       0x20 .\CortexM3\ARM_GCC_541\Debug\u8x8_d_ist3020.o
 .debug_aranges
                0x00002958       0x20 .\CortexM3\ARM_GCC_541\Debug\u8x8_d_ist7920.o
 .debug_aranges
                0x00002978       0x30 .\CortexM3\ARM_GCC_541\Debug\u8x8_d_ks0108.o
 .debug_aranges
                0x000029a8       0x48 .\CortexM3\ARM_GCC_541\Debug\u8x8_d_lc7981.o
 .debug_aranges
                0x000029f0       0x30 .\CortexM3\ARM_GCC_541\Debug\u8x8_d_ld7032_60x32.o
 .debug_aranges
                0x00002a20       0x38 .\CortexM3\ARM_GCC_541\Debug\u8x8_d_ls013b7dh03.o
 .debug_aranges
                0x00002a58       0x40 .\CortexM3\ARM_GCC_541\Debug\u8x8_d_max7219.o
 .debug_aranges
                0x00002a98       0x20 .\CortexM3\ARM_GCC_541\Debug\u8x8_d_pcd8544_84x48.o
 .debug_aranges
                0x00002ab8       0x28 .\CortexM3\ARM_GCC_541\Debug\u8x8_d_pcf8812.o
 .debug_aranges
                0x00002ae0       0x28 .\CortexM3\ARM_GCC_541\Debug\u8x8_d_pcf8814_hx1230.o
 .debug_aranges
                0x00002b08       0x28 .\CortexM3\ARM_GCC_541\Debug\u8x8_d_s1d15e06.o
 .debug_aranges
                0x00002b30       0x28 .\CortexM3\ARM_GCC_541\Debug\u8x8_d_s1d15721.o
 .debug_aranges
                0x00002b58       0x28 .\CortexM3\ARM_GCC_541\Debug\u8x8_d_sbn1661.o
 .debug_aranges
                0x00002b80       0x38 .\CortexM3\ARM_GCC_541\Debug\u8x8_d_sed1330.o
 .debug_aranges
                0x00002bb8       0x28 .\CortexM3\ARM_GCC_541\Debug\u8x8_d_sh1106_64x32.o
 .debug_aranges
                0x00002be0       0x28 .\CortexM3\ARM_GCC_541\Debug\u8x8_d_sh1106_72x40.o
 .debug_aranges
                0x00002c08       0x50 .\CortexM3\ARM_GCC_541\Debug\u8x8_d_sh1107.o
 .debug_aranges
                0x00002c58       0x28 .\CortexM3\ARM_GCC_541\Debug\u8x8_d_sh1108.o
 .debug_aranges
                0x00002c80       0x30 .\CortexM3\ARM_GCC_541\Debug\u8x8_d_sh1122.o
 .debug_aranges
                0x00002cb0       0x40 .\CortexM3\ARM_GCC_541\Debug\u8x8_d_ssd1305.o
 .debug_aranges
                0x00002cf0       0x28 .\CortexM3\ARM_GCC_541\Debug\u8x8_d_ssd1306_48x64.o
 .debug_aranges
                0x00002d18       0x30 .\CortexM3\ARM_GCC_541\Debug\u8x8_d_ssd1306_64x32.o
 .debug_aranges
                0x00002d48       0x28 .\CortexM3\ARM_GCC_541\Debug\u8x8_d_ssd1306_64x48.o
 .debug_aranges
                0x00002d70       0x28 .\CortexM3\ARM_GCC_541\Debug\u8x8_d_ssd1306_72x40.o
 .debug_aranges
                0x00002d98       0x28 .\CortexM3\ARM_GCC_541\Debug\u8x8_d_ssd1306_96x16.o
 .debug_aranges
                0x00002dc0       0x38 .\CortexM3\ARM_GCC_541\Debug\u8x8_d_ssd1306_128x32.o
 .debug_aranges
                0x00002df8       0x50 .\CortexM3\ARM_GCC_541\Debug\u8x8_d_ssd1306_128x64_noname.o
 .debug_aranges
                0x00002e48       0x28 .\CortexM3\ARM_GCC_541\Debug\u8x8_d_ssd1306_2040x16.o
 .debug_aranges
                0x00002e70       0x38 .\CortexM3\ARM_GCC_541\Debug\u8x8_d_ssd1309.o
 .debug_aranges
                0x00002ea8       0x28 .\CortexM3\ARM_GCC_541\Debug\u8x8_d_ssd1316.o
 .debug_aranges
                0x00002ed0       0x28 .\CortexM3\ARM_GCC_541\Debug\u8x8_d_ssd1317.o
 .debug_aranges
                0x00002ef8       0x30 .\CortexM3\ARM_GCC_541\Debug\u8x8_d_ssd1318.o
 .debug_aranges
                0x00002f28       0x38 .\CortexM3\ARM_GCC_541\Debug\u8x8_d_ssd1320.o
 .debug_aranges
                0x00002f60       0x48 .\CortexM3\ARM_GCC_541\Debug\u8x8_d_ssd1322.o
 .debug_aranges
                0x00002fa8       0x38 .\CortexM3\ARM_GCC_541\Debug\u8x8_d_ssd1325.o
 .debug_aranges
                0x00002fe0       0x30 .\CortexM3\ARM_GCC_541\Debug\u8x8_d_ssd1326.o
 .debug_aranges
                0x00003010       0x58 .\CortexM3\ARM_GCC_541\Debug\u8x8_d_ssd1327.o
 .debug_aranges
                0x00003068       0x40 .\CortexM3\ARM_GCC_541\Debug\u8x8_d_ssd1329.o
 .debug_aranges
                0x000030a8       0x38 .\CortexM3\ARM_GCC_541\Debug\u8x8_d_ssd1606_172x72.o
 .debug_aranges
                0x000030e0       0x50 .\CortexM3\ARM_GCC_541\Debug\u8x8_d_ssd1607_200x200.o
 .debug_aranges
                0x00003130       0x20 .\CortexM3\ARM_GCC_541\Debug\u8x8_d_st7511.o
 .debug_aranges
                0x00003150       0x40 .\CortexM3\ARM_GCC_541\Debug\u8x8_d_st7528.o
 .debug_aranges
                0x00003190       0x90 .\CortexM3\ARM_GCC_541\Debug\u8x8_d_st7565.o
 .debug_aranges
                0x00003220       0x58 .\CortexM3\ARM_GCC_541\Debug\u8x8_d_st7567.o
 .debug_aranges
                0x00003278       0x30 .\CortexM3\ARM_GCC_541\Debug\u8x8_d_st7571.o
 .debug_aranges
                0x000032a8       0x20 .\CortexM3\ARM_GCC_541\Debug\u8x8_d_st7586s_erc240160.o
 .debug_aranges
                0x000032c8       0x28 .\CortexM3\ARM_GCC_541\Debug\u8x8_d_st7586s_s028hn118a.o
 .debug_aranges
                0x000032f0       0x20 .\CortexM3\ARM_GCC_541\Debug\u8x8_d_st7586s_ymc240160.o
 .debug_aranges
                0x00003310       0x28 .\CortexM3\ARM_GCC_541\Debug\u8x8_d_st7588.o
 .debug_aranges
                0x00003338       0x38 .\CortexM3\ARM_GCC_541\Debug\u8x8_d_st7920.o
 .debug_aranges
                0x00003370       0x68 .\CortexM3\ARM_GCC_541\Debug\u8x8_d_st75256.o
 .debug_aranges
                0x000033d8       0x28 .\CortexM3\ARM_GCC_541\Debug\u8x8_d_st75320.o
 .debug_aranges
                0x00003400       0x38 .\CortexM3\ARM_GCC_541\Debug\u8x8_d_stdio.o
 .debug_aranges
                0x00003438       0x50 .\CortexM3\ARM_GCC_541\Debug\u8x8_d_t6963.o
 .debug_aranges
                0x00003488       0x28 .\CortexM3\ARM_GCC_541\Debug\u8x8_d_uc1601.o
 .debug_aranges
                0x000034b0       0x28 .\CortexM3\ARM_GCC_541\Debug\u8x8_d_uc1604.o
 .debug_aranges
                0x000034d8       0x40 .\CortexM3\ARM_GCC_541\Debug\u8x8_d_uc1608.o
 .debug_aranges
                0x00003518       0x20 .\CortexM3\ARM_GCC_541\Debug\u8x8_d_uc1609.o
 .debug_aranges
                0x00003538       0x28 .\CortexM3\ARM_GCC_541\Debug\u8x8_d_uc1610.o
 .debug_aranges
                0x00003560       0x48 .\CortexM3\ARM_GCC_541\Debug\u8x8_d_uc1611.o
 .debug_aranges
                0x000035a8       0x40 .\CortexM3\ARM_GCC_541\Debug\u8x8_d_uc1617.o
 .debug_aranges
                0x000035e8       0x30 .\CortexM3\ARM_GCC_541\Debug\u8x8_d_uc1638.o
 .debug_aranges
                0x00003618       0x20 .\CortexM3\ARM_GCC_541\Debug\u8x8_d_uc1701_dogs102.o
 .debug_aranges
                0x00003638       0x20 .\CortexM3\ARM_GCC_541\Debug\u8x8_d_uc1701_mini12864.o
 .debug_aranges
                0x00003658       0x30 .\CortexM3\ARM_GCC_541\Debug\u8x8_debounce.o
 .debug_aranges
                0x00003688       0x88 .\CortexM3\ARM_GCC_541\Debug\u8x8_display.o
 .debug_aranges
                0x00003710       0x18 .\CortexM3\ARM_GCC_541\Debug\u8x8_fonts.o
 .debug_aranges
                0x00003728       0x20 .\CortexM3\ARM_GCC_541\Debug\u8x8_gpio.o
 .debug_aranges
                0x00003748       0x20 .\CortexM3\ARM_GCC_541\Debug\u8x8_input_value.o
 .debug_aranges
                0x00003768       0x28 .\CortexM3\ARM_GCC_541\Debug\u8x8_message.o
 .debug_aranges
                0x00003790       0x40 .\CortexM3\ARM_GCC_541\Debug\u8x8_selection_list.o
 .debug_aranges
                0x000037d0       0x38 .\CortexM3\ARM_GCC_541\Debug\u8x8_setup.o
 .debug_aranges
                0x00003808       0x40 .\CortexM3\ARM_GCC_541\Debug\u8x8_string.o
 .debug_aranges
                0x00003848       0x28 .\CortexM3\ARM_GCC_541\Debug\u8x8_u8toa.o
 .debug_aranges
                0x00003870       0x30 .\CortexM3\ARM_GCC_541\Debug\u8x8_u16toa.o
 .debug_aranges
                0x000038a0       0x70 .\CortexM3\ARM_GCC_541\Debug\main.o
 .debug_aranges
                0x00003910       0x58 .\CortexM3\ARM_GCC_541\Debug\cyfitter_cfg.o
 .debug_aranges
                0x00003968       0x18 .\CortexM3\ARM_GCC_541\Debug\cymetadata.o
 .debug_aranges
                0x00003980       0x48 .\CortexM3\ARM_GCC_541\Debug\Cm3Start.o
 .debug_aranges
                0x000039c8      0x2a0 .\CortexM3\ARM_GCC_541\Debug\Lab7.a(CyLib.o)
 .debug_aranges
                0x00003c68       0x98 .\CortexM3\ARM_GCC_541\Debug\Lab7.a(cyPm.o)
 .debug_aranges
                0x00003d00       0x38 .\CortexM3\ARM_GCC_541\Debug\Lab7.a(I2C_DISPLAY.o)
 .debug_aranges
                0x00003d38       0x20 .\CortexM3\ARM_GCC_541\Debug\Lab7.a(I2C_DISPLAY_INT.o)
 .debug_aranges
                0x00003d58       0x38 .\CortexM3\ARM_GCC_541\Debug\Lab7.a(I2C_DISPLAY_PM.o)
 .debug_aranges
                0x00003d90       0x80 .\CortexM3\ARM_GCC_541\Debug\Lab7.a(I2C_DISPLAY_MASTER.o)
 .debug_aranges
                0x00003e10       0xa8 .\CortexM3\ARM_GCC_541\Debug\Lab7.a(ADC_POT.o)
 .debug_aranges
                0x00003eb8       0x20 .\CortexM3\ARM_GCC_541\Debug\Lab7.a(ADC_POT_INT.o)
 .debug_aranges
                0x00003ed8       0x80 .\CortexM3\ARM_GCC_541\Debug\Lab7.a(ADC_POT_theACLK.o)
 .debug_aranges
                0x00003f58       0x48 .\CortexM3\ARM_GCC_541\Debug\Lab7.a(PIN_IR.o)
 .debug_aranges
                0x00003fa0       0x98 .\CortexM3\ARM_GCC_541\Debug\Lab7.a(PWM_O_LED.o)
 .debug_aranges
                0x00004038       0x80 .\CortexM3\ARM_GCC_541\Debug\Lab7.a(ISR_IR.o)
 .debug_aranges
                0x000040b8       0x98 .\CortexM3\ARM_GCC_541\Debug\Lab7.a(PWM_BUZZER.o)
 .debug_aranges
                0x00004150       0x98 .\CortexM3\ARM_GCC_541\Debug\Lab7.a(PWM_ALARM.o)
 .debug_aranges
                0x000041e8       0x20 .\CortexM3\ARM_GCC_541\Debug\Lab7.a(CyBootAsmGnu.o)
 .debug_aranges
                0x00004208       0x88 .\CortexM3\ARM_GCC_541\Debug\Lab7.a(CyFlash.o)
 .debug_aranges
                0x00004290       0x80 .\CortexM3\ARM_GCC_541\Debug\Lab7.a(CySpc.o)

.debug_pubnames
 *(.debug_pubnames)

.debug_info     0x00000000    0x6ef31
 *(.debug_info .gnu.linkonce.wi.*)
 .debug_info    0x00000000     0x11a6 .\CortexM3\ARM_GCC_541\Debug\mui.o
 .debug_info    0x000011a6     0x2b98 .\CortexM3\ARM_GCC_541\Debug\mui_u8g2.o
 .debug_info    0x00003d3e      0xd84 .\CortexM3\ARM_GCC_541\Debug\u8g2_bitmap.o
 .debug_info    0x00004ac2      0xe7c .\CortexM3\ARM_GCC_541\Debug\u8g2_box.o
 .debug_info    0x0000593e      0xd32 .\CortexM3\ARM_GCC_541\Debug\u8g2_buffer.o
 .debug_info    0x00006670      0xbe7 .\CortexM3\ARM_GCC_541\Debug\u8g2_button.o
 .debug_info    0x00007257     0x15a8 .\CortexM3\ARM_GCC_541\Debug\u8g2_circle.o
 .debug_info    0x000087ff      0x843 .\CortexM3\ARM_GCC_541\Debug\u8g2_cleardisplay.o
 .debug_info    0x00009042     0x289c .\CortexM3\ARM_GCC_541\Debug\u8g2_d_memory.o
 .debug_info    0x0000b8de    0x23c36 .\CortexM3\ARM_GCC_541\Debug\u8g2_d_setup.o
 .debug_info    0x0002f514     0x1f97 .\CortexM3\ARM_GCC_541\Debug\u8g2_font.o
 .debug_info    0x000314ab       0xb4 .\CortexM3\ARM_GCC_541\Debug\u8g2_fonts.o
 .debug_info    0x0003155f      0xa99 .\CortexM3\ARM_GCC_541\Debug\u8g2_hvline.o
 .debug_info    0x00031ff8      0xae4 .\CortexM3\ARM_GCC_541\Debug\u8g2_input_value.o
 .debug_info    0x00032adc      0x891 .\CortexM3\ARM_GCC_541\Debug\u8g2_intersection.o
 .debug_info    0x0003336d      0x91c .\CortexM3\ARM_GCC_541\Debug\u8g2_kerning.o
 .debug_info    0x00033c89      0x8f0 .\CortexM3\ARM_GCC_541\Debug\u8g2_line.o
 .debug_info    0x00034579      0x912 .\CortexM3\ARM_GCC_541\Debug\u8g2_ll_hvline.o
 .debug_info    0x00034e8b      0xbc4 .\CortexM3\ARM_GCC_541\Debug\u8g2_message.o
 .debug_info    0x00035a4f      0xfeb .\CortexM3\ARM_GCC_541\Debug\u8g2_polygon.o
 .debug_info    0x00036a3a      0xedb .\CortexM3\ARM_GCC_541\Debug\u8g2_selection_list.o
 .debug_info    0x00037915     0x10a8 .\CortexM3\ARM_GCC_541\Debug\u8g2_setup.o
 .debug_info    0x000389bd      0x6f8 .\CortexM3\ARM_GCC_541\Debug\u8log.o
 .debug_info    0x000390b5      0xa13 .\CortexM3\ARM_GCC_541\Debug\u8log_u8g2.o
 .debug_info    0x00039ac8      0x5dc .\CortexM3\ARM_GCC_541\Debug\u8log_u8x8.o
 .debug_info    0x0003a0a4      0xfd1 .\CortexM3\ARM_GCC_541\Debug\u8x8_8x8.o
 .debug_info    0x0003b075     0x16df .\CortexM3\ARM_GCC_541\Debug\u8x8_byte.o
 .debug_info    0x0003c754     0x1904 .\CortexM3\ARM_GCC_541\Debug\u8x8_cad.o
 .debug_info    0x0003e058      0x597 .\CortexM3\ARM_GCC_541\Debug\u8x8_capture.o
 .debug_info    0x0003e5ef      0x756 .\CortexM3\ARM_GCC_541\Debug\u8x8_d_a2printer.o
 .debug_info    0x0003ed45      0x67d .\CortexM3\ARM_GCC_541\Debug\u8x8_d_gu800.o
 .debug_info    0x0003f3c2      0xa9d .\CortexM3\ARM_GCC_541\Debug\u8x8_d_hd44102.o
 .debug_info    0x0003fe5f      0xa4d .\CortexM3\ARM_GCC_541\Debug\u8x8_d_il3820_296x128.o
 .debug_info    0x000408ac      0x683 .\CortexM3\ARM_GCC_541\Debug\u8x8_d_ist3020.o
 .debug_info    0x00040f2f      0x694 .\CortexM3\ARM_GCC_541\Debug\u8x8_d_ist7920.o
 .debug_info    0x000415c3      0xd81 .\CortexM3\ARM_GCC_541\Debug\u8x8_d_ks0108.o
 .debug_info    0x00042344      0x92d .\CortexM3\ARM_GCC_541\Debug\u8x8_d_lc7981.o
 .debug_info    0x00042c71      0x84a .\CortexM3\ARM_GCC_541\Debug\u8x8_d_ld7032_60x32.o
 .debug_info    0x000434bb      0x773 .\CortexM3\ARM_GCC_541\Debug\u8x8_d_ls013b7dh03.o
 .debug_info    0x00043c2e      0x96d .\CortexM3\ARM_GCC_541\Debug\u8x8_d_max7219.o
 .debug_info    0x0004459b      0x62d .\CortexM3\ARM_GCC_541\Debug\u8x8_d_pcd8544_84x48.o
 .debug_info    0x00044bc8      0x693 .\CortexM3\ARM_GCC_541\Debug\u8x8_d_pcf8812.o
 .debug_info    0x0004525b      0x6ba .\CortexM3\ARM_GCC_541\Debug\u8x8_d_pcf8814_hx1230.o
 .debug_info    0x00045915      0x714 .\CortexM3\ARM_GCC_541\Debug\u8x8_d_s1d15e06.o
 .debug_info    0x00046029      0x714 .\CortexM3\ARM_GCC_541\Debug\u8x8_d_s1d15721.o
 .debug_info    0x0004673d      0x886 .\CortexM3\ARM_GCC_541\Debug\u8x8_d_sbn1661.o
 .debug_info    0x00046fc3      0x838 .\CortexM3\ARM_GCC_541\Debug\u8x8_d_sed1330.o
 .debug_info    0x000477fb      0x6ea .\CortexM3\ARM_GCC_541\Debug\u8x8_d_sh1106_64x32.o
 .debug_info    0x00047ee5      0x6ea .\CortexM3\ARM_GCC_541\Debug\u8x8_d_sh1106_72x40.o
 .debug_info    0x000485cf      0xb8e .\CortexM3\ARM_GCC_541\Debug\u8x8_d_sh1107.o
 .debug_info    0x0004915d      0x723 .\CortexM3\ARM_GCC_541\Debug\u8x8_d_sh1108.o
 .debug_info    0x00049880      0x7bb .\CortexM3\ARM_GCC_541\Debug\u8x8_d_sh1122.o
 .debug_info    0x0004a03b      0xaa3 .\CortexM3\ARM_GCC_541\Debug\u8x8_d_ssd1305.o
 .debug_info    0x0004aade      0x6ea .\CortexM3\ARM_GCC_541\Debug\u8x8_d_ssd1306_48x64.o
 .debug_info    0x0004b1c8      0x7a2 .\CortexM3\ARM_GCC_541\Debug\u8x8_d_ssd1306_64x32.o
 .debug_info    0x0004b96a      0x6ea .\CortexM3\ARM_GCC_541\Debug\u8x8_d_ssd1306_64x48.o
 .debug_info    0x0004c054      0x6ea .\CortexM3\ARM_GCC_541\Debug\u8x8_d_ssd1306_72x40.o
 .debug_info    0x0004c73e      0x6ea .\CortexM3\ARM_GCC_541\Debug\u8x8_d_ssd1306_96x16.o
 .debug_info    0x0004ce28      0x872 .\CortexM3\ARM_GCC_541\Debug\u8x8_d_ssd1306_128x32.o
 .debug_info    0x0004d69a      0xb6b .\CortexM3\ARM_GCC_541\Debug\u8x8_d_ssd1306_128x64_noname.o
 .debug_info    0x0004e205      0x6ea .\CortexM3\ARM_GCC_541\Debug\u8x8_d_ssd1306_2040x16.o
 .debug_info    0x0004e8ef      0xa35 .\CortexM3\ARM_GCC_541\Debug\u8x8_d_ssd1309.o
 .debug_info    0x0004f324      0x714 .\CortexM3\ARM_GCC_541\Debug\u8x8_d_ssd1316.o
 .debug_info    0x0004fa38      0x723 .\CortexM3\ARM_GCC_541\Debug\u8x8_d_ssd1317.o
 .debug_info    0x0005015b      0x814 .\CortexM3\ARM_GCC_541\Debug\u8x8_d_ssd1318.o
 .debug_info    0x0005096f      0x9aa .\CortexM3\ARM_GCC_541\Debug\u8x8_d_ssd1320.o
 .debug_info    0x00051319      0xca1 .\CortexM3\ARM_GCC_541\Debug\u8x8_d_ssd1322.o
 .debug_info    0x00051fba      0xa10 .\CortexM3\ARM_GCC_541\Debug\u8x8_d_ssd1325.o
 .debug_info    0x000529ca      0x813 .\CortexM3\ARM_GCC_541\Debug\u8x8_d_ssd1326.o
 .debug_info    0x000531dd      0xef9 .\CortexM3\ARM_GCC_541\Debug\u8x8_d_ssd1327.o
 .debug_info    0x000540d6      0xc83 .\CortexM3\ARM_GCC_541\Debug\u8x8_d_ssd1329.o
 .debug_info    0x00054d59      0x927 .\CortexM3\ARM_GCC_541\Debug\u8x8_d_ssd1606_172x72.o
 .debug_info    0x00055680      0xe3a .\CortexM3\ARM_GCC_541\Debug\u8x8_d_ssd1607_200x200.o
 .debug_info    0x000564ba      0x748 .\CortexM3\ARM_GCC_541\Debug\u8x8_d_st7511.o
 .debug_info    0x00056c02      0x9b6 .\CortexM3\ARM_GCC_541\Debug\u8x8_d_st7528.o
 .debug_info    0x000575b8     0x15b1 .\CortexM3\ARM_GCC_541\Debug\u8x8_d_st7565.o
 .debug_info    0x00058b69     0x1293 .\CortexM3\ARM_GCC_541\Debug\u8x8_d_st7567.o
 .debug_info    0x00059dfc      0x7fa .\CortexM3\ARM_GCC_541\Debug\u8x8_d_st7571.o
 .debug_info    0x0005a5f6      0x73b .\CortexM3\ARM_GCC_541\Debug\u8x8_d_st7586s_erc240160.o
 .debug_info    0x0005ad31      0x7cb .\CortexM3\ARM_GCC_541\Debug\u8x8_d_st7586s_s028hn118a.o
 .debug_info    0x0005b4fc      0x735 .\CortexM3\ARM_GCC_541\Debug\u8x8_d_st7586s_ymc240160.o
 .debug_info    0x0005bc31      0x7fc .\CortexM3\ARM_GCC_541\Debug\u8x8_d_st7588.o
 .debug_info    0x0005c42d      0x7b4 .\CortexM3\ARM_GCC_541\Debug\u8x8_d_st7920.o
 .debug_info    0x0005cbe1     0x1c7d .\CortexM3\ARM_GCC_541\Debug\u8x8_d_st75256.o
 .debug_info    0x0005e85e      0x7b2 .\CortexM3\ARM_GCC_541\Debug\u8x8_d_st75320.o
 .debug_info    0x0005f010      0x51f .\CortexM3\ARM_GCC_541\Debug\u8x8_d_stdio.o
 .debug_info    0x0005f52f      0xa4a .\CortexM3\ARM_GCC_541\Debug\u8x8_d_t6963.o
 .debug_info    0x0005ff79      0x8a8 .\CortexM3\ARM_GCC_541\Debug\u8x8_d_uc1601.o
 .debug_info    0x00060821      0x722 .\CortexM3\ARM_GCC_541\Debug\u8x8_d_uc1604.o
 .debug_info    0x00060f43      0xa43 .\CortexM3\ARM_GCC_541\Debug\u8x8_d_uc1608.o
 .debug_info    0x00061986      0x68d .\CortexM3\ARM_GCC_541\Debug\u8x8_d_uc1609.o
 .debug_info    0x00062013      0x7d9 .\CortexM3\ARM_GCC_541\Debug\u8x8_d_uc1610.o
 .debug_info    0x000627ec      0xfe2 .\CortexM3\ARM_GCC_541\Debug\u8x8_d_uc1611.o
 .debug_info    0x000637ce      0x8ae .\CortexM3\ARM_GCC_541\Debug\u8x8_d_uc1617.o
 .debug_info    0x0006407c      0x85c .\CortexM3\ARM_GCC_541\Debug\u8x8_d_uc1638.o
 .debug_info    0x000648d8      0x683 .\CortexM3\ARM_GCC_541\Debug\u8x8_d_uc1701_dogs102.o
 .debug_info    0x00064f5b      0x683 .\CortexM3\ARM_GCC_541\Debug\u8x8_d_uc1701_mini12864.o
 .debug_info    0x000655de      0x45c .\CortexM3\ARM_GCC_541\Debug\u8x8_debounce.o
 .debug_info    0x00065a3a      0x8fe .\CortexM3\ARM_GCC_541\Debug\u8x8_display.o
 .debug_info    0x00066338       0xb4 .\CortexM3\ARM_GCC_541\Debug\u8x8_fonts.o
 .debug_info    0x000663ec      0x391 .\CortexM3\ARM_GCC_541\Debug\u8x8_gpio.o
 .debug_info    0x0006677d      0x62d .\CortexM3\ARM_GCC_541\Debug\u8x8_input_value.o
 .debug_info    0x00066daa      0x6d1 .\CortexM3\ARM_GCC_541\Debug\u8x8_message.o
 .debug_info    0x0006747b      0x6eb .\CortexM3\ARM_GCC_541\Debug\u8x8_selection_list.o
 .debug_info    0x00067b66      0x4df .\CortexM3\ARM_GCC_541\Debug\u8x8_setup.o
 .debug_info    0x00068045      0x644 .\CortexM3\ARM_GCC_541\Debug\u8x8_string.o
 .debug_info    0x00068689      0x198 .\CortexM3\ARM_GCC_541\Debug\u8x8_u8toa.o
 .debug_info    0x00068821      0x1c0 .\CortexM3\ARM_GCC_541\Debug\u8x8_u16toa.o
 .debug_info    0x000689e1      0xf1f .\CortexM3\ARM_GCC_541\Debug\main.o
 .debug_info    0x00069900      0x5f3 .\CortexM3\ARM_GCC_541\Debug\cyfitter_cfg.o
 .debug_info    0x00069ef3      0x135 .\CortexM3\ARM_GCC_541\Debug\cymetadata.o
 .debug_info    0x0006a028      0x3bb .\CortexM3\ARM_GCC_541\Debug\Cm3Start.o
 .debug_info    0x0006a3e3     0x1374 .\CortexM3\ARM_GCC_541\Debug\Lab7.a(CyLib.o)
 .debug_info    0x0006b757      0xa2a .\CortexM3\ARM_GCC_541\Debug\Lab7.a(cyPm.o)
 .debug_info    0x0006c181      0x2ad .\CortexM3\ARM_GCC_541\Debug\Lab7.a(I2C_DISPLAY.o)
 .debug_info    0x0006c42e      0x184 .\CortexM3\ARM_GCC_541\Debug\Lab7.a(I2C_DISPLAY_INT.o)
 .debug_info    0x0006c5b2      0x207 .\CortexM3\ARM_GCC_541\Debug\Lab7.a(I2C_DISPLAY_PM.o)
 .debug_info    0x0006c7b9      0x407 .\CortexM3\ARM_GCC_541\Debug\Lab7.a(I2C_DISPLAY_MASTER.o)
 .debug_info    0x0006cbc0      0x5c0 .\CortexM3\ARM_GCC_541\Debug\Lab7.a(ADC_POT.o)
 .debug_info    0x0006d180       0x92 .\CortexM3\ARM_GCC_541\Debug\Lab7.a(ADC_POT_INT.o)
 .debug_info    0x0006d212      0x2c4 .\CortexM3\ARM_GCC_541\Debug\Lab7.a(ADC_POT_theACLK.o)
 .debug_info    0x0006d4d6      0x172 .\CortexM3\ARM_GCC_541\Debug\Lab7.a(PIN_IR.o)
 .debug_info    0x0006d648      0x352 .\CortexM3\ARM_GCC_541\Debug\Lab7.a(PWM_O_LED.o)
 .debug_info    0x0006d99a      0x2d2 .\CortexM3\ARM_GCC_541\Debug\Lab7.a(ISR_IR.o)
 .debug_info    0x0006dc6c      0x352 .\CortexM3\ARM_GCC_541\Debug\Lab7.a(PWM_BUZZER.o)
 .debug_info    0x0006dfbe      0x352 .\CortexM3\ARM_GCC_541\Debug\Lab7.a(PWM_ALARM.o)
 .debug_info    0x0006e310       0x84 .\CortexM3\ARM_GCC_541\Debug\Lab7.a(CyBootAsmGnu.o)
 .debug_info    0x0006e394      0x64d .\CortexM3\ARM_GCC_541\Debug\Lab7.a(CyFlash.o)
 .debug_info    0x0006e9e1      0x550 .\CortexM3\ARM_GCC_541\Debug\Lab7.a(CySpc.o)

.debug_abbrev   0x00000000     0xc116
 *(.debug_abbrev)
 .debug_abbrev  0x00000000      0x218 .\CortexM3\ARM_GCC_541\Debug\mui.o
 .debug_abbrev  0x00000218      0x2c9 .\CortexM3\ARM_GCC_541\Debug\mui_u8g2.o
 .debug_abbrev  0x000004e1      0x16a .\CortexM3\ARM_GCC_541\Debug\u8g2_bitmap.o
 .debug_abbrev  0x0000064b      0x166 .\CortexM3\ARM_GCC_541\Debug\u8g2_box.o
 .debug_abbrev  0x000007b1      0x1b0 .\CortexM3\ARM_GCC_541\Debug\u8g2_buffer.o
 .debug_abbrev  0x00000961      0x18f .\CortexM3\ARM_GCC_541\Debug\u8g2_button.o
 .debug_abbrev  0x00000af0      0x20e .\CortexM3\ARM_GCC_541\Debug\u8g2_circle.o
 .debug_abbrev  0x00000cfe      0x11f .\CortexM3\ARM_GCC_541\Debug\u8g2_cleardisplay.o
 .debug_abbrev  0x00000e1d       0xd6 .\CortexM3\ARM_GCC_541\Debug\u8g2_d_memory.o
 .debug_abbrev  0x00000ef3      0x184 .\CortexM3\ARM_GCC_541\Debug\u8g2_d_setup.o
 .debug_abbrev  0x00001077      0x290 .\CortexM3\ARM_GCC_541\Debug\u8g2_font.o
 .debug_abbrev  0x00001307       0x5d .\CortexM3\ARM_GCC_541\Debug\u8g2_fonts.o
 .debug_abbrev  0x00001364      0x188 .\CortexM3\ARM_GCC_541\Debug\u8g2_hvline.o
 .debug_abbrev  0x000014ec      0x14e .\CortexM3\ARM_GCC_541\Debug\u8g2_input_value.o
 .debug_abbrev  0x0000163a      0x148 .\CortexM3\ARM_GCC_541\Debug\u8g2_intersection.o
 .debug_abbrev  0x00001782      0x133 .\CortexM3\ARM_GCC_541\Debug\u8g2_kerning.o
 .debug_abbrev  0x000018b5      0x168 .\CortexM3\ARM_GCC_541\Debug\u8g2_line.o
 .debug_abbrev  0x00001a1d      0x13e .\CortexM3\ARM_GCC_541\Debug\u8g2_ll_hvline.o
 .debug_abbrev  0x00001b5b      0x17b .\CortexM3\ARM_GCC_541\Debug\u8g2_message.o
 .debug_abbrev  0x00001cd6      0x241 .\CortexM3\ARM_GCC_541\Debug\u8g2_polygon.o
 .debug_abbrev  0x00001f17      0x1c9 .\CortexM3\ARM_GCC_541\Debug\u8g2_selection_list.o
 .debug_abbrev  0x000020e0      0x23f .\CortexM3\ARM_GCC_541\Debug\u8g2_setup.o
 .debug_abbrev  0x0000231f      0x1a5 .\CortexM3\ARM_GCC_541\Debug\u8log.o
 .debug_abbrev  0x000024c4      0x15b .\CortexM3\ARM_GCC_541\Debug\u8log_u8g2.o
 .debug_abbrev  0x0000261f      0x182 .\CortexM3\ARM_GCC_541\Debug\u8log_u8x8.o
 .debug_abbrev  0x000027a1      0x269 .\CortexM3\ARM_GCC_541\Debug\u8x8_8x8.o
 .debug_abbrev  0x00002a0a      0x214 .\CortexM3\ARM_GCC_541\Debug\u8x8_byte.o
 .debug_abbrev  0x00002c1e      0x238 .\CortexM3\ARM_GCC_541\Debug\u8x8_cad.o
 .debug_abbrev  0x00002e56      0x14a .\CortexM3\ARM_GCC_541\Debug\u8x8_capture.o
 .debug_abbrev  0x00002fa0      0x16f .\CortexM3\ARM_GCC_541\Debug\u8x8_d_a2printer.o
 .debug_abbrev  0x0000310f      0x14a .\CortexM3\ARM_GCC_541\Debug\u8x8_d_gu800.o
 .debug_abbrev  0x00003259      0x21b .\CortexM3\ARM_GCC_541\Debug\u8x8_d_hd44102.o
 .debug_abbrev  0x00003474      0x1c7 .\CortexM3\ARM_GCC_541\Debug\u8x8_d_il3820_296x128.o
 .debug_abbrev  0x0000363b      0x155 .\CortexM3\ARM_GCC_541\Debug\u8x8_d_ist3020.o
 .debug_abbrev  0x00003790      0x155 .\CortexM3\ARM_GCC_541\Debug\u8x8_d_ist7920.o
 .debug_abbrev  0x000038e5      0x196 .\CortexM3\ARM_GCC_541\Debug\u8x8_d_ks0108.o
 .debug_abbrev  0x00003a7b      0x1b8 .\CortexM3\ARM_GCC_541\Debug\u8x8_d_lc7981.o
 .debug_abbrev  0x00003c33      0x1a9 .\CortexM3\ARM_GCC_541\Debug\u8x8_d_ld7032_60x32.o
 .debug_abbrev  0x00003ddc      0x143 .\CortexM3\ARM_GCC_541\Debug\u8x8_d_ls013b7dh03.o
 .debug_abbrev  0x00003f1f      0x1b8 .\CortexM3\ARM_GCC_541\Debug\u8x8_d_max7219.o
 .debug_abbrev  0x000040d7      0x155 .\CortexM3\ARM_GCC_541\Debug\u8x8_d_pcd8544_84x48.o
 .debug_abbrev  0x0000422c      0x16f .\CortexM3\ARM_GCC_541\Debug\u8x8_d_pcf8812.o
 .debug_abbrev  0x0000439b      0x16f .\CortexM3\ARM_GCC_541\Debug\u8x8_d_pcf8814_hx1230.o
 .debug_abbrev  0x0000450a      0x155 .\CortexM3\ARM_GCC_541\Debug\u8x8_d_s1d15e06.o
 .debug_abbrev  0x0000465f      0x155 .\CortexM3\ARM_GCC_541\Debug\u8x8_d_s1d15721.o
 .debug_abbrev  0x000047b4      0x16f .\CortexM3\ARM_GCC_541\Debug\u8x8_d_sbn1661.o
 .debug_abbrev  0x00004923      0x19e .\CortexM3\ARM_GCC_541\Debug\u8x8_d_sed1330.o
 .debug_abbrev  0x00004ac1      0x16f .\CortexM3\ARM_GCC_541\Debug\u8x8_d_sh1106_64x32.o
 .debug_abbrev  0x00004c30      0x16f .\CortexM3\ARM_GCC_541\Debug\u8x8_d_sh1106_72x40.o
 .debug_abbrev  0x00004d9f      0x1b8 .\CortexM3\ARM_GCC_541\Debug\u8x8_d_sh1107.o
 .debug_abbrev  0x00004f57      0x16f .\CortexM3\ARM_GCC_541\Debug\u8x8_d_sh1108.o
 .debug_abbrev  0x000050c6      0x1b8 .\CortexM3\ARM_GCC_541\Debug\u8x8_d_sh1122.o
 .debug_abbrev  0x0000527e      0x1b8 .\CortexM3\ARM_GCC_541\Debug\u8x8_d_ssd1305.o
 .debug_abbrev  0x00005436      0x16f .\CortexM3\ARM_GCC_541\Debug\u8x8_d_ssd1306_48x64.o
 .debug_abbrev  0x000055a5      0x16f .\CortexM3\ARM_GCC_541\Debug\u8x8_d_ssd1306_64x32.o
 .debug_abbrev  0x00005714      0x16f .\CortexM3\ARM_GCC_541\Debug\u8x8_d_ssd1306_64x48.o
 .debug_abbrev  0x00005883      0x16f .\CortexM3\ARM_GCC_541\Debug\u8x8_d_ssd1306_72x40.o
 .debug_abbrev  0x000059f2      0x16f .\CortexM3\ARM_GCC_541\Debug\u8x8_d_ssd1306_96x16.o
 .debug_abbrev  0x00005b61      0x1b8 .\CortexM3\ARM_GCC_541\Debug\u8x8_d_ssd1306_128x32.o
 .debug_abbrev  0x00005d19      0x19c .\CortexM3\ARM_GCC_541\Debug\u8x8_d_ssd1306_128x64_noname.o
 .debug_abbrev  0x00005eb5      0x16f .\CortexM3\ARM_GCC_541\Debug\u8x8_d_ssd1306_2040x16.o
 .debug_abbrev  0x00006024      0x1c7 .\CortexM3\ARM_GCC_541\Debug\u8x8_d_ssd1309.o
 .debug_abbrev  0x000061eb      0x16f .\CortexM3\ARM_GCC_541\Debug\u8x8_d_ssd1316.o
 .debug_abbrev  0x0000635a      0x16f .\CortexM3\ARM_GCC_541\Debug\u8x8_d_ssd1317.o
 .debug_abbrev  0x000064c9      0x18d .\CortexM3\ARM_GCC_541\Debug\u8x8_d_ssd1318.o
 .debug_abbrev  0x00006656      0x1d6 .\CortexM3\ARM_GCC_541\Debug\u8x8_d_ssd1320.o
 .debug_abbrev  0x0000682c      0x1d6 .\CortexM3\ARM_GCC_541\Debug\u8x8_d_ssd1322.o
 .debug_abbrev  0x00006a02      0x1ab .\CortexM3\ARM_GCC_541\Debug\u8x8_d_ssd1325.o
 .debug_abbrev  0x00006bad      0x19c .\CortexM3\ARM_GCC_541\Debug\u8x8_d_ssd1326.o
 .debug_abbrev  0x00006d49      0x1ab .\CortexM3\ARM_GCC_541\Debug\u8x8_d_ssd1327.o
 .debug_abbrev  0x00006ef4      0x1d4 .\CortexM3\ARM_GCC_541\Debug\u8x8_d_ssd1329.o
 .debug_abbrev  0x000070c8      0x1ec .\CortexM3\ARM_GCC_541\Debug\u8x8_d_ssd1606_172x72.o
 .debug_abbrev  0x000072b4      0x1c7 .\CortexM3\ARM_GCC_541\Debug\u8x8_d_ssd1607_200x200.o
 .debug_abbrev  0x0000747b      0x155 .\CortexM3\ARM_GCC_541\Debug\u8x8_d_st7511.o
 .debug_abbrev  0x000075d0      0x1c3 .\CortexM3\ARM_GCC_541\Debug\u8x8_d_st7528.o
 .debug_abbrev  0x00007793      0x19e .\CortexM3\ARM_GCC_541\Debug\u8x8_d_st7565.o
 .debug_abbrev  0x00007931      0x1c7 .\CortexM3\ARM_GCC_541\Debug\u8x8_d_st7567.o
 .debug_abbrev  0x00007af8      0x1b8 .\CortexM3\ARM_GCC_541\Debug\u8x8_d_st7571.o
 .debug_abbrev  0x00007cb0      0x164 .\CortexM3\ARM_GCC_541\Debug\u8x8_d_st7586s_erc240160.o
 .debug_abbrev  0x00007e14      0x17e .\CortexM3\ARM_GCC_541\Debug\u8x8_d_st7586s_s028hn118a.o
 .debug_abbrev  0x00007f92      0x164 .\CortexM3\ARM_GCC_541\Debug\u8x8_d_st7586s_ymc240160.o
 .debug_abbrev  0x000080f6      0x16f .\CortexM3\ARM_GCC_541\Debug\u8x8_d_st7588.o
 .debug_abbrev  0x00008265      0x18f .\CortexM3\ARM_GCC_541\Debug\u8x8_d_st7920.o
 .debug_abbrev  0x000083f4      0x1ab .\CortexM3\ARM_GCC_541\Debug\u8x8_d_st75256.o
 .debug_abbrev  0x0000859f      0x16f .\CortexM3\ARM_GCC_541\Debug\u8x8_d_st75320.o
 .debug_abbrev  0x0000870e      0x1a2 .\CortexM3\ARM_GCC_541\Debug\u8x8_d_stdio.o
 .debug_abbrev  0x000088b0      0x19e .\CortexM3\ARM_GCC_541\Debug\u8x8_d_t6963.o
 .debug_abbrev  0x00008a4e      0x155 .\CortexM3\ARM_GCC_541\Debug\u8x8_d_uc1601.o
 .debug_abbrev  0x00008ba3      0x155 .\CortexM3\ARM_GCC_541\Debug\u8x8_d_uc1604.o
 .debug_abbrev  0x00008cf8      0x19e .\CortexM3\ARM_GCC_541\Debug\u8x8_d_uc1608.o
 .debug_abbrev  0x00008e96      0x164 .\CortexM3\ARM_GCC_541\Debug\u8x8_d_uc1609.o
 .debug_abbrev  0x00008ffa      0x18d .\CortexM3\ARM_GCC_541\Debug\u8x8_d_uc1610.o
 .debug_abbrev  0x00009187      0x1bc .\CortexM3\ARM_GCC_541\Debug\u8x8_d_uc1611.o
 .debug_abbrev  0x00009343      0x1c7 .\CortexM3\ARM_GCC_541\Debug\u8x8_d_uc1617.o
 .debug_abbrev  0x0000950a      0x19e .\CortexM3\ARM_GCC_541\Debug\u8x8_d_uc1638.o
 .debug_abbrev  0x000096a8      0x155 .\CortexM3\ARM_GCC_541\Debug\u8x8_d_uc1701_dogs102.o
 .debug_abbrev  0x000097fd      0x155 .\CortexM3\ARM_GCC_541\Debug\u8x8_d_uc1701_mini12864.o
 .debug_abbrev  0x00009952      0x15d .\CortexM3\ARM_GCC_541\Debug\u8x8_debounce.o
 .debug_abbrev  0x00009aaf      0x18d .\CortexM3\ARM_GCC_541\Debug\u8x8_display.o
 .debug_abbrev  0x00009c3c       0x5d .\CortexM3\ARM_GCC_541\Debug\u8x8_fonts.o
 .debug_abbrev  0x00009c99       0xea .\CortexM3\ARM_GCC_541\Debug\u8x8_gpio.o
 .debug_abbrev  0x00009d83      0x147 .\CortexM3\ARM_GCC_541\Debug\u8x8_input_value.o
 .debug_abbrev  0x00009eca      0x147 .\CortexM3\ARM_GCC_541\Debug\u8x8_message.o
 .debug_abbrev  0x0000a011      0x194 .\CortexM3\ARM_GCC_541\Debug\u8x8_selection_list.o
 .debug_abbrev  0x0000a1a5      0x15d .\CortexM3\ARM_GCC_541\Debug\u8x8_setup.o
 .debug_abbrev  0x0000a302      0x161 .\CortexM3\ARM_GCC_541\Debug\u8x8_string.o
 .debug_abbrev  0x0000a463       0xd7 .\CortexM3\ARM_GCC_541\Debug\u8x8_u8toa.o
 .debug_abbrev  0x0000a53a       0xe2 .\CortexM3\ARM_GCC_541\Debug\u8x8_u16toa.o
 .debug_abbrev  0x0000a61c      0x29d .\CortexM3\ARM_GCC_541\Debug\main.o
 .debug_abbrev  0x0000a8b9      0x20d .\CortexM3\ARM_GCC_541\Debug\cyfitter_cfg.o
 .debug_abbrev  0x0000aac6       0x66 .\CortexM3\ARM_GCC_541\Debug\cymetadata.o
 .debug_abbrev  0x0000ab2c      0x1e8 .\CortexM3\ARM_GCC_541\Debug\Cm3Start.o
 .debug_abbrev  0x0000ad14      0x254 .\CortexM3\ARM_GCC_541\Debug\Lab7.a(CyLib.o)
 .debug_abbrev  0x0000af68      0x1ab .\CortexM3\ARM_GCC_541\Debug\Lab7.a(cyPm.o)
 .debug_abbrev  0x0000b113      0x10a .\CortexM3\ARM_GCC_541\Debug\Lab7.a(I2C_DISPLAY.o)
 .debug_abbrev  0x0000b21d       0xb6 .\CortexM3\ARM_GCC_541\Debug\Lab7.a(I2C_DISPLAY_INT.o)
 .debug_abbrev  0x0000b2d3       0xfe .\CortexM3\ARM_GCC_541\Debug\Lab7.a(I2C_DISPLAY_PM.o)
 .debug_abbrev  0x0000b3d1      0x13c .\CortexM3\ARM_GCC_541\Debug\Lab7.a(I2C_DISPLAY_MASTER.o)
 .debug_abbrev  0x0000b50d      0x1ac .\CortexM3\ARM_GCC_541\Debug\Lab7.a(ADC_POT.o)
 .debug_abbrev  0x0000b6b9       0x42 .\CortexM3\ARM_GCC_541\Debug\Lab7.a(ADC_POT_INT.o)
 .debug_abbrev  0x0000b6fb      0x121 .\CortexM3\ARM_GCC_541\Debug\Lab7.a(ADC_POT_theACLK.o)
 .debug_abbrev  0x0000b81c       0x9f .\CortexM3\ARM_GCC_541\Debug\Lab7.a(PIN_IR.o)
 .debug_abbrev  0x0000b8bb      0x133 .\CortexM3\ARM_GCC_541\Debug\Lab7.a(PWM_O_LED.o)
 .debug_abbrev  0x0000b9ee      0x173 .\CortexM3\ARM_GCC_541\Debug\Lab7.a(ISR_IR.o)
 .debug_abbrev  0x0000bb61      0x133 .\CortexM3\ARM_GCC_541\Debug\Lab7.a(PWM_BUZZER.o)
 .debug_abbrev  0x0000bc94      0x133 .\CortexM3\ARM_GCC_541\Debug\Lab7.a(PWM_ALARM.o)
 .debug_abbrev  0x0000bdc7       0x14 .\CortexM3\ARM_GCC_541\Debug\Lab7.a(CyBootAsmGnu.o)
 .debug_abbrev  0x0000bddb      0x1a7 .\CortexM3\ARM_GCC_541\Debug\Lab7.a(CyFlash.o)
 .debug_abbrev  0x0000bf82      0x194 .\CortexM3\ARM_GCC_541\Debug\Lab7.a(CySpc.o)

.debug_line     0x00000000    0x15cd7
 *(.debug_line)
 .debug_line    0x00000000      0x5a2 .\CortexM3\ARM_GCC_541\Debug\mui.o
 .debug_line    0x000005a2      0x792 .\CortexM3\ARM_GCC_541\Debug\mui_u8g2.o
 .debug_line    0x00000d34      0x213 .\CortexM3\ARM_GCC_541\Debug\u8g2_bitmap.o
 .debug_line    0x00000f47      0x1ce .\CortexM3\ARM_GCC_541\Debug\u8g2_box.o
 .debug_line    0x00001115      0x2ef .\CortexM3\ARM_GCC_541\Debug\u8g2_buffer.o
 .debug_line    0x00001404      0x1b8 .\CortexM3\ARM_GCC_541\Debug\u8g2_button.o
 .debug_line    0x000015bc      0x2eb .\CortexM3\ARM_GCC_541\Debug\u8g2_circle.o
 .debug_line    0x000018a7      0x16a .\CortexM3\ARM_GCC_541\Debug\u8g2_cleardisplay.o
 .debug_line    0x00001a11      0xbbe .\CortexM3\ARM_GCC_541\Debug\u8g2_d_memory.o
 .debug_line    0x000025cf     0x3a38 .\CortexM3\ARM_GCC_541\Debug\u8g2_d_setup.o
 .debug_line    0x00006007      0x67e .\CortexM3\ARM_GCC_541\Debug\u8g2_font.o
 .debug_line    0x00006685      0x137 .\CortexM3\ARM_GCC_541\Debug\u8g2_fonts.o
 .debug_line    0x000067bc      0x1f9 .\CortexM3\ARM_GCC_541\Debug\u8g2_hvline.o
 .debug_line    0x000069b5      0x1b1 .\CortexM3\ARM_GCC_541\Debug\u8g2_input_value.o
 .debug_line    0x00006b66      0x189 .\CortexM3\ARM_GCC_541\Debug\u8g2_intersection.o
 .debug_line    0x00006cef      0x1b3 .\CortexM3\ARM_GCC_541\Debug\u8g2_kerning.o
 .debug_line    0x00006ea2      0x19e .\CortexM3\ARM_GCC_541\Debug\u8g2_line.o
 .debug_line    0x00007040      0x1b9 .\CortexM3\ARM_GCC_541\Debug\u8g2_ll_hvline.o
 .debug_line    0x000071f9      0x1f0 .\CortexM3\ARM_GCC_541\Debug\u8g2_message.o
 .debug_line    0x000073e9      0x2e4 .\CortexM3\ARM_GCC_541\Debug\u8g2_polygon.o
 .debug_line    0x000076cd      0x23c .\CortexM3\ARM_GCC_541\Debug\u8g2_selection_list.o
 .debug_line    0x00007909      0x3cd .\CortexM3\ARM_GCC_541\Debug\u8g2_setup.o
 .debug_line    0x00007cd6      0x2d7 .\CortexM3\ARM_GCC_541\Debug\u8log.o
 .debug_line    0x00007fad      0x1aa .\CortexM3\ARM_GCC_541\Debug\u8log_u8g2.o
 .debug_line    0x00008157      0x1a9 .\CortexM3\ARM_GCC_541\Debug\u8log_u8x8.o
 .debug_line    0x00008300      0x425 .\CortexM3\ARM_GCC_541\Debug\u8x8_8x8.o
 .debug_line    0x00008725      0x4e1 .\CortexM3\ARM_GCC_541\Debug\u8x8_byte.o
 .debug_line    0x00008c06      0x582 .\CortexM3\ARM_GCC_541\Debug\u8x8_cad.o
 .debug_line    0x00009188      0x20f .\CortexM3\ARM_GCC_541\Debug\u8x8_capture.o
 .debug_line    0x00009397      0x1e7 .\CortexM3\ARM_GCC_541\Debug\u8x8_d_a2printer.o
 .debug_line    0x0000957e      0x19e .\CortexM3\ARM_GCC_541\Debug\u8x8_d_gu800.o
 .debug_line    0x0000971c      0x296 .\CortexM3\ARM_GCC_541\Debug\u8x8_d_hd44102.o
 .debug_line    0x000099b2      0x231 .\CortexM3\ARM_GCC_541\Debug\u8x8_d_il3820_296x128.o
 .debug_line    0x00009be3      0x1a9 .\CortexM3\ARM_GCC_541\Debug\u8x8_d_ist3020.o
 .debug_line    0x00009d8c      0x1aa .\CortexM3\ARM_GCC_541\Debug\u8x8_d_ist7920.o